This is pdfTeX, Version 3.141592653-2.6-1.40.27 (TeX Live 2025) (preloaded format=pdflatex 2025.11.26)  22 SEP 2026 19:33
entering extended mode
 restricted \write18 enabled.
 file:line:error style messages enabled.
 %&-line parsing enabled.
**slides_HDR2.tex
(./slides_HDR2.tex
LaTeX2e <2024-11-01> patch level 2
L3 programming layer <2025-01-18>
(/usr/local/texlive/2025/texmf-dist/tex/latex/beamer/beamer.cls
Document Class: beamer 2025/02/04 v3.72 A class for typesetting presentations
(/usr/local/texlive/2025/texmf-dist/tex/latex/beamer/beamerbasemodes.sty
(/usr/local/texlive/2025/texmf-dist/tex/latex/etoolbox/etoolbox.sty
Package: etoolbox 2025/02/11 v2.5l e-TeX tools for LaTeX (JAW)
\etb@tempcnta=\count196
)
\beamer@tempbox=\box52
\beamer@tempcount=\count197
\c@beamerpauses=\count198

(/usr/local/texlive/2025/texmf-dist/tex/latex/beamer/beamerbasedecode.sty
\beamer@slideinframe=\count199
\beamer@minimum=\count266
\beamer@decode@box=\box53
)
\beamer@commentbox=\box54
\beamer@modecount=\count267
)
(/usr/local/texlive/2025/texmf-dist/tex/generic/iftex/iftex.sty
Package: iftex 2024/12/12 v1.0g TeX engine tests
)
\headdp=\dimen141
\footheight=\dimen142
\sidebarheight=\dimen143
\beamer@tempdim=\dimen144
\beamer@finalheight=\dimen145
\beamer@animht=\dimen146
\beamer@animdp=\dimen147
\beamer@animwd=\dimen148
\beamer@leftmargin=\dimen149
\beamer@rightmargin=\dimen150
\beamer@leftsidebar=\dimen151
\beamer@rightsidebar=\dimen152
\beamer@boxsize=\dimen153
\beamer@vboxoffset=\dimen154
\beamer@descdefault=\dimen155
\beamer@descriptionwidth=\dimen156
\beamer@lastskip=\skip49
\beamer@areabox=\box55
\beamer@animcurrent=\box56
\beamer@animshowbox=\box57
\beamer@sectionbox=\box58
\beamer@logobox=\box59
\beamer@linebox=\box60
\beamer@sectioncount=\count268
\beamer@subsubsectionmax=\count269
\beamer@subsectionmax=\count270
\beamer@sectionmax=\count271
\beamer@totalheads=\count272
\beamer@headcounter=\count273
\beamer@partstartpage=\count274
\beamer@sectionstartpage=\count275
\beamer@subsectionstartpage=\count276
\beamer@animationtempa=\count277
\beamer@animationtempb=\count278
\beamer@xpos=\count279
\beamer@ypos=\count280
\beamer@ypos@offset=\count281
\beamer@showpartnumber=\count282
\beamer@currentsubsection=\count283
\beamer@coveringdepth=\count284
\beamer@sectionadjust=\count285
\beamer@toclastsection=\count286
\beamer@tocsectionnumber=\count287

(/usr/local/texlive/2025/texmf-dist/tex/latex/beamer/beamerbaseoptions.sty
(/usr/local/texlive/2025/texmf-dist/tex/latex/graphics/keyval.sty
Package: keyval 2022/05/29 v1.15 key=value parser (DPC)
\KV@toks@=\toks17
))
\beamer@paperwidth=\skip50
\beamer@paperheight=\skip51

(/usr/local/texlive/2025/texmf-dist/tex/latex/geometry/geometry.sty
Package: geometry 2020/01/02 v5.9 Page Geometry

(/usr/local/texlive/2025/texmf-dist/tex/generic/iftex/ifvtex.sty
Package: ifvtex 2019/10/25 v1.7 ifvtex legacy package. Use iftex instead.
)
\Gm@cnth=\count288
\Gm@cntv=\count289
\c@Gm@tempcnt=\count290
\Gm@bindingoffset=\dimen157
\Gm@wd@mp=\dimen158
\Gm@odd@mp=\dimen159
\Gm@even@mp=\dimen160
\Gm@layoutwidth=\dimen161
\Gm@layoutheight=\dimen162
\Gm@layouthoffset=\dimen163
\Gm@layoutvoffset=\dimen164
\Gm@dimlist=\toks18
)
(/usr/local/texlive/2025/texmf-dist/tex/latex/pgf/math/pgfmath.sty
(/usr/local/texlive/2025/texmf-dist/tex/latex/pgf/utilities/pgfrcs.sty
(/usr/local/texlive/2025/texmf-dist/tex/generic/pgf/utilities/pgfutil-common.te
x
\pgfutil@everybye=\toks19
\pgfutil@tempdima=\dimen165
\pgfutil@tempdimb=\dimen166
)
(/usr/local/texlive/2025/texmf-dist/tex/generic/pgf/utilities/pgfutil-latex.def
\pgfutil@abb=\box61
) (/usr/local/texlive/2025/texmf-dist/tex/generic/pgf/utilities/pgfrcs.code.tex
(/usr/local/texlive/2025/texmf-dist/tex/generic/pgf/pgf.revision.tex)
Package: pgfrcs 2023-01-15 v3.1.10 (3.1.10)
))
(/usr/local/texlive/2025/texmf-dist/tex/latex/pgf/utilities/pgfkeys.sty
(/usr/local/texlive/2025/texmf-dist/tex/generic/pgf/utilities/pgfkeys.code.tex
\pgfkeys@pathtoks=\toks20
\pgfkeys@temptoks=\toks21

(/usr/local/texlive/2025/texmf-dist/tex/generic/pgf/utilities/pgfkeyslibraryfil
tered.code.tex
\pgfkeys@tmptoks=\toks22
)))
(/usr/local/texlive/2025/texmf-dist/tex/generic/pgf/math/pgfmath.code.tex
(/usr/local/texlive/2025/texmf-dist/tex/generic/pgf/math/pgfmathutil.code.tex
\pgf@x=\dimen167
\pgf@xa=\dimen168
\pgf@xb=\dimen169
\pgf@xc=\dimen170
\pgf@y=\dimen171
\pgf@ya=\dimen172
\pgf@yb=\dimen173
\pgf@yc=\dimen174
\c@pgf@counta=\count291
\c@pgf@countb=\count292
\c@pgf@countc=\count293
\c@pgf@countd=\count294
)
(/usr/local/texlive/2025/texmf-dist/tex/generic/pgf/math/pgfmathparser.code.tex
\pgfmath@dimen=\dimen175
\pgfmath@count=\count295
\pgfmath@box=\box62
\pgfmath@toks=\toks23
\pgfmath@stack@operand=\toks24
\pgfmath@stack@operation=\toks25
)
(/usr/local/texlive/2025/texmf-dist/tex/generic/pgf/math/pgfmathfunctions.code.
tex)
(/usr/local/texlive/2025/texmf-dist/tex/generic/pgf/math/pgfmathfunctions.basic
.code.tex)
(/usr/local/texlive/2025/texmf-dist/tex/generic/pgf/math/pgfmathfunctions.trigo
nometric.code.tex)
(/usr/local/texlive/2025/texmf-dist/tex/generic/pgf/math/pgfmathfunctions.rando
m.code.tex)
(/usr/local/texlive/2025/texmf-dist/tex/generic/pgf/math/pgfmathfunctions.compa
rison.code.tex)
(/usr/local/texlive/2025/texmf-dist/tex/generic/pgf/math/pgfmathfunctions.base.
code.tex)
(/usr/local/texlive/2025/texmf-dist/tex/generic/pgf/math/pgfmathfunctions.round
.code.tex)
(/usr/local/texlive/2025/texmf-dist/tex/generic/pgf/math/pgfmathfunctions.misc.
code.tex)
(/usr/local/texlive/2025/texmf-dist/tex/generic/pgf/math/pgfmathfunctions.integ
erarithmetics.code.tex)
(/usr/local/texlive/2025/texmf-dist/tex/generic/pgf/math/pgfmathcalc.code.tex)
(/usr/local/texlive/2025/texmf-dist/tex/generic/pgf/math/pgfmathfloat.code.tex
\c@pgfmathroundto@lastzeros=\count296
))) (/usr/local/texlive/2025/texmf-dist/tex/latex/base/size11.clo
File: size11.clo 2024/06/29 v1.4n Standard LaTeX file (size option)
)
(/usr/local/texlive/2025/texmf-dist/tex/latex/pgf/basiclayer/pgfcore.sty
(/usr/local/texlive/2025/texmf-dist/tex/latex/graphics/graphicx.sty
Package: graphicx 2021/09/16 v1.2d Enhanced LaTeX Graphics (DPC,SPQR)

(/usr/local/texlive/2025/texmf-dist/tex/latex/graphics/graphics.sty
Package: graphics 2024/08/06 v1.4g Standard LaTeX Graphics (DPC,SPQR)

(/usr/local/texlive/2025/texmf-dist/tex/latex/graphics/trig.sty
Package: trig 2023/12/02 v1.11 sin cos tan (DPC)
)
(/usr/local/texlive/2025/texmf-dist/tex/latex/graphics-cfg/graphics.cfg
File: graphics.cfg 2016/06/04 v1.11 sample graphics configuration
)
Package graphics Info: Driver file: pdftex.def on input line 106.

(/usr/local/texlive/2025/texmf-dist/tex/latex/graphics-def/pdftex.def
File: pdftex.def 2024/04/13 v1.2c Graphics/color driver for pdftex
))
\Gin@req@height=\dimen176
\Gin@req@width=\dimen177
)
(/usr/local/texlive/2025/texmf-dist/tex/latex/pgf/systemlayer/pgfsys.sty
(/usr/local/texlive/2025/texmf-dist/tex/generic/pgf/systemlayer/pgfsys.code.tex
Package: pgfsys 2023-01-15 v3.1.10 (3.1.10)
\pgf@x=\dimen178
\pgf@y=\dimen179
\pgf@xa=\dimen180
\pgf@ya=\dimen181
\pgf@xb=\dimen182
\pgf@yb=\dimen183
\pgf@xc=\dimen184
\pgf@yc=\dimen185
\pgf@xd=\dimen186
\pgf@yd=\dimen187
\w@pgf@writea=\write3
\r@pgf@reada=\read2
\c@pgf@counta=\count297
\c@pgf@countb=\count298
\c@pgf@countc=\count299
\c@pgf@countd=\count300
\t@pgf@toka=\toks26
\t@pgf@tokb=\toks27
\t@pgf@tokc=\toks28
\pgf@sys@id@count=\count301
(/usr/local/texlive/2025/texmf-dist/tex/generic/pgf/systemlayer/pgf.cfg
File: pgf.cfg 2023-01-15 v3.1.10 (3.1.10)
)
Driver file for pgf: pgfsys-pdftex.def

(/usr/local/texlive/2025/texmf-dist/tex/generic/pgf/systemlayer/pgfsys-pdftex.d
ef
File: pgfsys-pdftex.def 2023-01-15 v3.1.10 (3.1.10)

(/usr/local/texlive/2025/texmf-dist/tex/generic/pgf/systemlayer/pgfsys-common-p
df.def
File: pgfsys-common-pdf.def 2023-01-15 v3.1.10 (3.1.10)
)))
(/usr/local/texlive/2025/texmf-dist/tex/generic/pgf/systemlayer/pgfsyssoftpath.
code.tex
File: pgfsyssoftpath.code.tex 2023-01-15 v3.1.10 (3.1.10)
\pgfsyssoftpath@smallbuffer@items=\count302
\pgfsyssoftpath@bigbuffer@items=\count303
)
(/usr/local/texlive/2025/texmf-dist/tex/generic/pgf/systemlayer/pgfsysprotocol.
code.tex
File: pgfsysprotocol.code.tex 2023-01-15 v3.1.10 (3.1.10)
)) (/usr/local/texlive/2025/texmf-dist/tex/latex/xcolor/xcolor.sty
Package: xcolor 2024/09/29 v3.02 LaTeX color extensions (UK)

(/usr/local/texlive/2025/texmf-dist/tex/latex/graphics-cfg/color.cfg
File: color.cfg 2016/01/02 v1.6 sample color configuration
)
Package xcolor Info: Driver file: pdftex.def on input line 274.

(/usr/local/texlive/2025/texmf-dist/tex/latex/graphics/mathcolor.ltx)
Package xcolor Info: Model `cmy' substituted by `cmy0' on input line 1349.
Package xcolor Info: Model `hsb' substituted by `rgb' on input line 1353.
Package xcolor Info: Model `RGB' extended on input line 1365.
Package xcolor Info: Model `HTML' substituted by `rgb' on input line 1367.
Package xcolor Info: Model `Hsb' substituted by `hsb' on input line 1368.
Package xcolor Info: Model `tHsb' substituted by `hsb' on input line 1369.
Package xcolor Info: Model `HSB' substituted by `hsb' on input line 1370.
Package xcolor Info: Model `Gray' substituted by `gray' on input line 1371.
Package xcolor Info: Model `wave' substituted by `hsb' on input line 1372.
)
(/usr/local/texlive/2025/texmf-dist/tex/generic/pgf/basiclayer/pgfcore.code.tex
Package: pgfcore 2023-01-15 v3.1.10 (3.1.10)
(/usr/local/texlive/2025/texmf-dist/tex/generic/pgf/math/pgfint.code.tex)
(/usr/local/texlive/2025/texmf-dist/tex/generic/pgf/basiclayer/pgfcorepoints.co
de.tex
File: pgfcorepoints.code.tex 2023-01-15 v3.1.10 (3.1.10)
\pgf@picminx=\dimen188
\pgf@picmaxx=\dimen189
\pgf@picminy=\dimen190
\pgf@picmaxy=\dimen191
\pgf@pathminx=\dimen192
\pgf@pathmaxx=\dimen193
\pgf@pathminy=\dimen194
\pgf@pathmaxy=\dimen195
\pgf@xx=\dimen196
\pgf@xy=\dimen197
\pgf@yx=\dimen198
\pgf@yy=\dimen199
\pgf@zx=\dimen256
\pgf@zy=\dimen257
)
(/usr/local/texlive/2025/texmf-dist/tex/generic/pgf/basiclayer/pgfcorepathconst
ruct.code.tex
File: pgfcorepathconstruct.code.tex 2023-01-15 v3.1.10 (3.1.10)
\pgf@path@lastx=\dimen258
\pgf@path@lasty=\dimen259
)
(/usr/local/texlive/2025/texmf-dist/tex/generic/pgf/basiclayer/pgfcorepathusage
.code.tex
File: pgfcorepathusage.code.tex 2023-01-15 v3.1.10 (3.1.10)
\pgf@shorten@end@additional=\dimen260
\pgf@shorten@start@additional=\dimen261
)
(/usr/local/texlive/2025/texmf-dist/tex/generic/pgf/basiclayer/pgfcorescopes.co
de.tex
File: pgfcorescopes.code.tex 2023-01-15 v3.1.10 (3.1.10)
\pgfpic=\box63
\pgf@hbox=\box64
\pgf@layerbox@main=\box65
\pgf@picture@serial@count=\count304
)
(/usr/local/texlive/2025/texmf-dist/tex/generic/pgf/basiclayer/pgfcoregraphicst
ate.code.tex
File: pgfcoregraphicstate.code.tex 2023-01-15 v3.1.10 (3.1.10)
\pgflinewidth=\dimen262
)
(/usr/local/texlive/2025/texmf-dist/tex/generic/pgf/basiclayer/pgfcoretransform
ations.code.tex
File: pgfcoretransformations.code.tex 2023-01-15 v3.1.10 (3.1.10)
\pgf@pt@x=\dimen263
\pgf@pt@y=\dimen264
\pgf@pt@temp=\dimen265
)
(/usr/local/texlive/2025/texmf-dist/tex/generic/pgf/basiclayer/pgfcorequick.cod
e.tex
File: pgfcorequick.code.tex 2023-01-15 v3.1.10 (3.1.10)
)
(/usr/local/texlive/2025/texmf-dist/tex/generic/pgf/basiclayer/pgfcoreobjects.c
ode.tex
File: pgfcoreobjects.code.tex 2023-01-15 v3.1.10 (3.1.10)
)
(/usr/local/texlive/2025/texmf-dist/tex/generic/pgf/basiclayer/pgfcorepathproce
ssing.code.tex
File: pgfcorepathprocessing.code.tex 2023-01-15 v3.1.10 (3.1.10)
)
(/usr/local/texlive/2025/texmf-dist/tex/generic/pgf/basiclayer/pgfcorearrows.co
de.tex
File: pgfcorearrows.code.tex 2023-01-15 v3.1.10 (3.1.10)
\pgfarrowsep=\dimen266
)
(/usr/local/texlive/2025/texmf-dist/tex/generic/pgf/basiclayer/pgfcoreshade.cod
e.tex
File: pgfcoreshade.code.tex 2023-01-15 v3.1.10 (3.1.10)
\pgf@max=\dimen267
\pgf@sys@shading@range@num=\count305
\pgf@shadingcount=\count306
)
(/usr/local/texlive/2025/texmf-dist/tex/generic/pgf/basiclayer/pgfcoreimage.cod
e.tex
File: pgfcoreimage.code.tex 2023-01-15 v3.1.10 (3.1.10)
)
(/usr/local/texlive/2025/texmf-dist/tex/generic/pgf/basiclayer/pgfcoreexternal.
code.tex
File: pgfcoreexternal.code.tex 2023-01-15 v3.1.10 (3.1.10)
\pgfexternal@startupbox=\box66
)
(/usr/local/texlive/2025/texmf-dist/tex/generic/pgf/basiclayer/pgfcorelayers.co
de.tex
File: pgfcorelayers.code.tex 2023-01-15 v3.1.10 (3.1.10)
)
(/usr/local/texlive/2025/texmf-dist/tex/generic/pgf/basiclayer/pgfcoretranspare
ncy.code.tex
File: pgfcoretransparency.code.tex 2023-01-15 v3.1.10 (3.1.10)
)
(/usr/local/texlive/2025/texmf-dist/tex/generic/pgf/basiclayer/pgfcorepatterns.
code.tex
File: pgfcorepatterns.code.tex 2023-01-15 v3.1.10 (3.1.10)
)
(/usr/local/texlive/2025/texmf-dist/tex/generic/pgf/basiclayer/pgfcorerdf.code.
tex
File: pgfcorerdf.code.tex 2023-01-15 v3.1.10 (3.1.10)
))) (/usr/local/texlive/2025/texmf-dist/tex/latex/pgf/utilities/xxcolor.sty
Package: xxcolor 2003/10/24 ver 0.1
\XC@nummixins=\count307
\XC@countmixins=\count308
) (/usr/local/texlive/2025/texmf-dist/tex/latex/base/atbegshi-ltx.sty
Package: atbegshi-ltx 2021/01/10 v1.0c Emulation of the original atbegshi
package with kernel methods
)
(/usr/local/texlive/2025/texmf-dist/tex/latex/hyperref/hyperref.sty
Package: hyperref 2024-11-05 v7.01l Hypertext links for LaTeX

(/usr/local/texlive/2025/texmf-dist/tex/latex/kvsetkeys/kvsetkeys.sty
Package: kvsetkeys 2022-10-05 v1.19 Key value parser (HO)
)
(/usr/local/texlive/2025/texmf-dist/tex/generic/kvdefinekeys/kvdefinekeys.sty
Package: kvdefinekeys 2019-12-19 v1.6 Define keys (HO)
)
(/usr/local/texlive/2025/texmf-dist/tex/generic/pdfescape/pdfescape.sty
Package: pdfescape 2019/12/09 v1.15 Implements pdfTeX's escape features (HO)

(/usr/local/texlive/2025/texmf-dist/tex/generic/ltxcmds/ltxcmds.sty
Package: ltxcmds 2023-12-04 v1.26 LaTeX kernel commands for general use (HO)
)
(/usr/local/texlive/2025/texmf-dist/tex/generic/pdftexcmds/pdftexcmds.sty
Package: pdftexcmds 2020-06-27 v0.33 Utility functions of pdfTeX for LuaTeX (HO
)

(/usr/local/texlive/2025/texmf-dist/tex/generic/infwarerr/infwarerr.sty
Package: infwarerr 2019/12/03 v1.5 Providing info/warning/error messages (HO)
)
Package pdftexcmds Info: \pdf@primitive is available.
Package pdftexcmds Info: \pdf@ifprimitive is available.
Package pdftexcmds Info: \pdfdraftmode found.
))
(/usr/local/texlive/2025/texmf-dist/tex/latex/hycolor/hycolor.sty
Package: hycolor 2020-01-27 v1.10 Color options for hyperref/bookmark (HO)
)
(/usr/local/texlive/2025/texmf-dist/tex/latex/hyperref/nameref.sty
Package: nameref 2023-11-26 v2.56 Cross-referencing by name of section

(/usr/local/texlive/2025/texmf-dist/tex/latex/refcount/refcount.sty
Package: refcount 2019/12/15 v3.6 Data extraction from label references (HO)
)
(/usr/local/texlive/2025/texmf-dist/tex/generic/gettitlestring/gettitlestring.s
ty
Package: gettitlestring 2019/12/15 v1.6 Cleanup title references (HO)
 (/usr/local/texlive/2025/texmf-dist/tex/latex/kvoptions/kvoptions.sty
Package: kvoptions 2022-06-15 v3.15 Key value format for package options (HO)
))
\c@section@level=\count309
)
(/usr/local/texlive/2025/texmf-dist/tex/generic/stringenc/stringenc.sty
Package: stringenc 2019/11/29 v1.12 Convert strings between diff. encodings (HO
)
)
\@linkdim=\dimen268
\Hy@linkcounter=\count310
\Hy@pagecounter=\count311

(/usr/local/texlive/2025/texmf-dist/tex/latex/hyperref/pd1enc.def
File: pd1enc.def 2024-11-05 v7.01l Hyperref: PDFDocEncoding definition (HO)
Now handling font encoding PD1 ...
... no UTF-8 mapping file for font encoding PD1
)
(/usr/local/texlive/2025/texmf-dist/tex/generic/intcalc/intcalc.sty
Package: intcalc 2019/12/15 v1.3 Expandable calculations with integers (HO)
)
\Hy@SavedSpaceFactor=\count312

(/usr/local/texlive/2025/texmf-dist/tex/latex/hyperref/puenc.def
File: puenc.def 2024-11-05 v7.01l Hyperref: PDF Unicode definition (HO)
Now handling font encoding PU ...
... no UTF-8 mapping file for font encoding PU
)
Package hyperref Info: Option `bookmarks' set `true' on input line 4040.
Package hyperref Info: Option `bookmarksopen' set `true' on input line 4040.
Package hyperref Info: Option `implicit' set `false' on input line 4040.
Package hyperref Info: Hyper figures OFF on input line 4157.
Package hyperref Info: Link nesting OFF on input line 4162.
Package hyperref Info: Hyper index ON on input line 4165.
Package hyperref Info: Plain pages OFF on input line 4172.
Package hyperref Info: Backreferencing OFF on input line 4177.
Package hyperref Info: Implicit mode OFF; no redefinition of LaTeX internals.
Package hyperref Info: Bookmarks ON on input line 4424.
\c@Hy@tempcnt=\count313

(/usr/local/texlive/2025/texmf-dist/tex/latex/url/url.sty
\Urlmuskip=\muskip17
Package: url 2013/09/16  ver 3.4  Verb mode for urls, etc.
)
LaTeX Info: Redefining \url on input line 4763.
\XeTeXLinkMargin=\dimen269

(/usr/local/texlive/2025/texmf-dist/tex/generic/bitset/bitset.sty
Package: bitset 2019/12/09 v1.3 Handle bit-vector datatype (HO)

(/usr/local/texlive/2025/texmf-dist/tex/generic/bigintcalc/bigintcalc.sty
Package: bigintcalc 2019/12/15 v1.5 Expandable calculations on big integers (HO
)
))
\Fld@menulength=\count314
\Field@Width=\dimen270
\Fld@charsize=\dimen271
Package hyperref Info: Hyper figures OFF on input line 6042.
Package hyperref Info: Link nesting OFF on input line 6047.
Package hyperref Info: Hyper index ON on input line 6050.
Package hyperref Info: backreferencing OFF on input line 6057.
Package hyperref Info: Link coloring OFF on input line 6062.
Package hyperref Info: Link coloring with OCG OFF on input line 6067.
Package hyperref Info: PDF/A mode OFF on input line 6072.
\Hy@abspage=\count315


Package hyperref Message: Stopped early.

)
Package hyperref Info: Driver (autodetected): hpdftex.
 (/usr/local/texlive/2025/texmf-dist/tex/latex/hyperref/hpdftex.def
File: hpdftex.def 2024-11-05 v7.01l Hyperref driver for pdfTeX

(/usr/local/texlive/2025/texmf-dist/tex/latex/base/atveryend-ltx.sty
Package: atveryend-ltx 2020/08/19 v1.0a Emulation of the original atveryend pac
kage
with kernel methods
)
\Fld@listcount=\count316
\c@bookmark@seq@number=\count317

(/usr/local/texlive/2025/texmf-dist/tex/latex/rerunfilecheck/rerunfilecheck.sty
Package: rerunfilecheck 2022-07-10 v1.10 Rerun checks for auxiliary files (HO)

(/usr/local/texlive/2025/texmf-dist/tex/generic/uniquecounter/uniquecounter.sty
Package: uniquecounter 2019/12/15 v1.4 Provide unlimited unique counter (HO)
)
Package uniquecounter Info: New unique counter `rerunfilecheck' on input line 2
85.
)) (/usr/local/texlive/2025/texmf-dist/tex/latex/beamer/beamerbaserequires.sty
(/usr/local/texlive/2025/texmf-dist/tex/latex/beamer/beamerbasecompatibility.st
y) (/usr/local/texlive/2025/texmf-dist/tex/latex/beamer/beamerbasefont.sty
(/usr/local/texlive/2025/texmf-dist/tex/latex/amsfonts/amssymb.sty
Package: amssymb 2013/01/14 v3.01 AMS font symbols

(/usr/local/texlive/2025/texmf-dist/tex/latex/amsfonts/amsfonts.sty
Package: amsfonts 2013/01/14 v3.01 Basic AMSFonts support
\@emptytoks=\toks29
\symAMSa=\mathgroup4
\symAMSb=\mathgroup5
LaTeX Font Info:    Redeclaring math symbol \hbar on input line 98.
LaTeX Font Info:    Overwriting math alphabet `\mathfrak' in version `bold'
(Font)                  U/euf/m/n --> U/euf/b/n on input line 106.
))
(/usr/local/texlive/2025/texmf-dist/tex/latex/sansmathaccent/sansmathaccent.sty
Package: sansmathaccent 2020/01/31
(/usr/local/texlive/2025/texmf-dist/tex/latex/koma-script/scrlfile.sty
Package: scrlfile 2024/10/24 v3.43 KOMA-Script package (file load hooks)

(/usr/local/texlive/2025/texmf-dist/tex/latex/koma-script/scrlfile-hook.sty
Package: scrlfile-hook 2024/10/24 v3.43 KOMA-Script package (using LaTeX hooks)


(/usr/local/texlive/2025/texmf-dist/tex/latex/koma-script/scrlogo.sty
Package: scrlogo 2024/10/24 v3.43 KOMA-Script package (logo)
)))))
(/usr/local/texlive/2025/texmf-dist/tex/latex/beamer/beamerbasetranslator.sty
(/usr/local/texlive/2025/texmf-dist/tex/latex/translator/translator.sty
Package: translator 2021-05-31 v1.12d Easy translation of strings in LaTeX
))
(/usr/local/texlive/2025/texmf-dist/tex/latex/beamer/beamerbasemisc.sty)
(/usr/local/texlive/2025/texmf-dist/tex/latex/beamer/beamerbasetwoscreens.sty)
(/usr/local/texlive/2025/texmf-dist/tex/latex/beamer/beamerbaseoverlay.sty
\beamer@argscount=\count318
\beamer@lastskipcover=\skip52
\beamer@trivlistdepth=\count319
)
(/usr/local/texlive/2025/texmf-dist/tex/latex/beamer/beamerbasetitle.sty)
(/usr/local/texlive/2025/texmf-dist/tex/latex/beamer/beamerbasesection.sty
\c@lecture=\count320
\c@part=\count321
\c@section=\count322
\c@subsection=\count323
\c@subsubsection=\count324
)
(/usr/local/texlive/2025/texmf-dist/tex/latex/beamer/beamerbaseframe.sty
\beamer@framebox=\box67
\beamer@frametitlebox=\box68
\beamer@zoombox=\box69
\beamer@zoomcount=\count325
\beamer@zoomframecount=\count326
\beamer@frametextheight=\dimen272
\c@subsectionslide=\count327
\beamer@frametopskip=\skip53
\beamer@framebottomskip=\skip54
\beamer@frametopskipautobreak=\skip55
\beamer@framebottomskipautobreak=\skip56
\beamer@envbody=\toks30
\framewidth=\dimen273
\c@framenumber=\count328
)
(/usr/local/texlive/2025/texmf-dist/tex/latex/beamer/beamerbaseverbatim.sty
\beamer@verbatimfileout=\write4
)
(/usr/local/texlive/2025/texmf-dist/tex/latex/beamer/beamerbaseframesize.sty
\beamer@splitbox=\box70
\beamer@autobreakcount=\count329
\beamer@autobreaklastheight=\dimen274
\beamer@frametitletoks=\toks31
\beamer@framesubtitletoks=\toks32
)
(/usr/local/texlive/2025/texmf-dist/tex/latex/beamer/beamerbaseframecomponents.
sty
\beamer@footins=\box71
) (/usr/local/texlive/2025/texmf-dist/tex/latex/beamer/beamerbasecolor.sty)
(/usr/local/texlive/2025/texmf-dist/tex/latex/beamer/beamerbasenotes.sty
\beamer@frameboxcopy=\box72
)
(/usr/local/texlive/2025/texmf-dist/tex/latex/beamer/beamerbasetoc.sty)
(/usr/local/texlive/2025/texmf-dist/tex/latex/beamer/beamerbasetemplates.sty
\beamer@sbttoks=\toks33

(/usr/local/texlive/2025/texmf-dist/tex/latex/beamer/beamerbaseauxtemplates.sty
(/usr/local/texlive/2025/texmf-dist/tex/latex/beamer/beamerbaseboxes.sty
\bmb@box=\box73
\bmb@colorbox=\box74
\bmb@boxwidth=\dimen275
\bmb@boxheight=\dimen276
\bmb@prevheight=\dimen277
\bmb@temp=\dimen278
\bmb@dima=\dimen279
\bmb@dimb=\dimen280
\bmb@prevheight=\dimen281
)
\beamer@blockheadheight=\dimen282
))
(/usr/local/texlive/2025/texmf-dist/tex/latex/beamer/beamerbaselocalstructure.s
ty (/usr/local/texlive/2025/texmf-dist/tex/latex/tools/enumerate.sty
Package: enumerate 2023/07/04 v3.00 enumerate extensions (DPC)
\@enLab=\toks34
)
\beamer@bibiconwidth=\skip57
\c@figure=\count330
\c@table=\count331
\abovecaptionskip=\skip58
\belowcaptionskip=\skip59
)
(/usr/local/texlive/2025/texmf-dist/tex/latex/beamer/beamerbasenavigation.sty
(/usr/local/texlive/2025/texmf-dist/tex/latex/beamer/beamerbasenavigationsymbol
s.tex)
\beamer@section@min@dim=\dimen283
)
(/usr/local/texlive/2025/texmf-dist/tex/latex/beamer/beamerbasetheorems.sty
(/usr/local/texlive/2025/texmf-dist/tex/latex/amsmath/amsmath.sty
Package: amsmath 2024/11/05 v2.17t AMS math features
\@mathmargin=\skip60

For additional information on amsmath, use the `?' option.
(/usr/local/texlive/2025/texmf-dist/tex/latex/amsmath/amstext.sty
Package: amstext 2021/08/26 v2.01 AMS text

(/usr/local/texlive/2025/texmf-dist/tex/latex/amsmath/amsgen.sty
File: amsgen.sty 1999/11/30 v2.0 generic functions
\@emptytoks=\toks35
\ex@=\dimen284
))
(/usr/local/texlive/2025/texmf-dist/tex/latex/amsmath/amsbsy.sty
Package: amsbsy 1999/11/29 v1.2d Bold Symbols
\pmbraise@=\dimen285
)
(/usr/local/texlive/2025/texmf-dist/tex/latex/amsmath/amsopn.sty
Package: amsopn 2022/04/08 v2.04 operator names
)
\inf@bad=\count332
LaTeX Info: Redefining \frac on input line 233.
\uproot@=\count333
\leftroot@=\count334
LaTeX Info: Redefining \overline on input line 398.
LaTeX Info: Redefining \colon on input line 409.
\classnum@=\count335
\DOTSCASE@=\count336
LaTeX Info: Redefining \ldots on input line 495.
LaTeX Info: Redefining \dots on input line 498.
LaTeX Info: Redefining \cdots on input line 619.
\Mathstrutbox@=\box75
\strutbox@=\box76
LaTeX Info: Redefining \big on input line 721.
LaTeX Info: Redefining \Big on input line 722.
LaTeX Info: Redefining \bigg on input line 723.
LaTeX Info: Redefining \Bigg on input line 724.
\big@size=\dimen286
LaTeX Font Info:    Redeclaring font encoding OML on input line 742.
LaTeX Font Info:    Redeclaring font encoding OMS on input line 743.
\macc@depth=\count337
LaTeX Info: Redefining \bmod on input line 904.
LaTeX Info: Redefining \pmod on input line 909.
LaTeX Info: Redefining \smash on input line 939.
LaTeX Info: Redefining \relbar on input line 969.
LaTeX Info: Redefining \Relbar on input line 970.
\c@MaxMatrixCols=\count338
\dotsspace@=\muskip18
\c@parentequation=\count339
\dspbrk@lvl=\count340
\tag@help=\toks36
\row@=\count341
\column@=\count342
\maxfields@=\count343
\andhelp@=\toks37
\eqnshift@=\dimen287
\alignsep@=\dimen288
\tagshift@=\dimen289
\tagwidth@=\dimen290
\totwidth@=\dimen291
\lineht@=\dimen292
\@envbody=\toks38
\multlinegap=\skip61
\multlinetaggap=\skip62
\mathdisplay@stack=\toks39
LaTeX Info: Redefining \[ on input line 2953.
LaTeX Info: Redefining \] on input line 2954.
)
(/usr/local/texlive/2025/texmf-dist/tex/latex/amscls/amsthm.sty
Package: amsthm 2020/05/29 v2.20.6
\thm@style=\toks40
\thm@bodyfont=\toks41
\thm@headfont=\toks42
\thm@notefont=\toks43
\thm@headpunct=\toks44
\thm@preskip=\skip63
\thm@postskip=\skip64
\thm@headsep=\skip65
\dth@everypar=\toks45
)
\c@theorem=\count344
)
(/usr/local/texlive/2025/texmf-dist/tex/latex/beamer/beamerbasethemes.sty))
(/usr/local/texlive/2025/texmf-dist/tex/latex/beamer/beamerthemedefault.sty
(/usr/local/texlive/2025/texmf-dist/tex/latex/beamer/beamerfontthemedefault.sty
)
(/usr/local/texlive/2025/texmf-dist/tex/latex/beamer/beamercolorthemedefault.st
y)
(/usr/local/texlive/2025/texmf-dist/tex/latex/beamer/beamerinnerthemedefault.st
y
\beamer@dima=\dimen293
\beamer@dimb=\dimen294
)
(/usr/local/texlive/2025/texmf-dist/tex/latex/beamer/beamerouterthemedefault.st
y))) (/usr/local/texlive/2025/texmf-dist/tex/latex/caption/caption.sty
Package: caption 2023/08/05 v3.6o Customizing captions (AR)

(/usr/local/texlive/2025/texmf-dist/tex/latex/caption/caption3.sty
Package: caption3 2023/07/31 v2.4d caption3 kernel (AR)
\caption@tempdima=\dimen295
\captionmargin=\dimen296
\caption@leftmargin=\dimen297
\caption@rightmargin=\dimen298
\caption@width=\dimen299
\caption@indent=\dimen300
\caption@parindent=\dimen301
\caption@hangindent=\dimen302
Package caption Info: beamer document class detected.

(/usr/local/texlive/2025/texmf-dist/tex/latex/caption/caption-beamer.sto
File: caption-beamer.sto 2022/01/06 v2.0c Adaption of the caption package to th
e beamer document classes (AR)
))
\c@caption@flags=\count345
\c@continuedfloat=\count346
Package caption Info: hyperref package is loaded.
Package caption Info: Hyperref support is turned off
(caption)             because hyperref has stopped early.
)
(/usr/local/texlive/2025/texmf-dist/tex/latex/base/inputenc.sty
Package: inputenc 2024/02/08 v1.3d Input encoding file
\inpenc@prehook=\toks46
\inpenc@posthook=\toks47
)
(/usr/local/texlive/2025/texmf-dist/tex/latex/booktabs/booktabs.sty
Package: booktabs 2020/01/12 v1.61803398 Publication quality tables
\heavyrulewidth=\dimen303
\lightrulewidth=\dimen304
\cmidrulewidth=\dimen305
\belowrulesep=\dimen306
\belowbottomsep=\dimen307
\aboverulesep=\dimen308
\abovetopsep=\dimen309
\cmidrulesep=\dimen310
\cmidrulekern=\dimen311
\defaultaddspace=\dimen312
\@cmidla=\count347
\@cmidlb=\count348
\@aboverulesep=\dimen313
\@belowrulesep=\dimen314
\@thisruleclass=\count349
\@lastruleclass=\count350
\@thisrulewidth=\dimen315
)
(/usr/local/texlive/2025/texmf-dist/tex/latex/caption/subcaption.sty
Package: subcaption 2023/07/28 v1.6b Sub-captions (AR)
Package caption Info: New subtype `subfigure' on input line 238.
\c@subfigure=\count351
Package caption Info: New subtype `subtable' on input line 238.
\c@subtable=\count352
)
(/usr/local/texlive/2025/texmf-dist/tex/latex/colortbl/colortbl.sty
Package: colortbl 2024/07/06 v1.0i Color table columns (DPC)

(/usr/local/texlive/2025/texmf-dist/tex/latex/tools/array.sty
Package: array 2024/10/17 v2.6g Tabular extension package (FMi)
\col@sep=\dimen316
\ar@mcellbox=\box77
\extrarowheight=\dimen317
\NC@list=\toks48
\extratabsurround=\skip66
\backup@length=\skip67
\ar@cellbox=\box78
)
\everycr=\toks49
\minrowclearance=\skip68
\rownum=\count353
)
(/usr/local/texlive/2025/texmf-dist/tex/latex/multirow/multirow.sty
Package: multirow 2024/11/12 v2.9 Span multiple rows of a table
\multirow@colwidth=\skip69
\multirow@cntb=\count354
\multirow@dima=\skip70
\bigstrutjot=\dimen318
)
(/usr/local/texlive/2025/texmf-dist/tex/latex/tcolorbox/tcolorbox.sty
Package: tcolorbox 2024/10/22 version 6.4.1 text color boxes

(/usr/local/texlive/2025/texmf-dist/tex/latex/pgf/frontendlayer/tikz.sty
(/usr/local/texlive/2025/texmf-dist/tex/latex/pgf/basiclayer/pgf.sty
Package: pgf 2023-01-15 v3.1.10 (3.1.10)

(/usr/local/texlive/2025/texmf-dist/tex/generic/pgf/modules/pgfmoduleshapes.cod
e.tex
File: pgfmoduleshapes.code.tex 2023-01-15 v3.1.10 (3.1.10)
\pgfnodeparttextbox=\box79
)
(/usr/local/texlive/2025/texmf-dist/tex/generic/pgf/modules/pgfmoduleplot.code.
tex
File: pgfmoduleplot.code.tex 2023-01-15 v3.1.10 (3.1.10)
)
(/usr/local/texlive/2025/texmf-dist/tex/latex/pgf/compatibility/pgfcomp-version
-0-65.sty
Package: pgfcomp-version-0-65 2023-01-15 v3.1.10 (3.1.10)
\pgf@nodesepstart=\dimen319
\pgf@nodesepend=\dimen320
)
(/usr/local/texlive/2025/texmf-dist/tex/latex/pgf/compatibility/pgfcomp-version
-1-18.sty
Package: pgfcomp-version-1-18 2023-01-15 v3.1.10 (3.1.10)
))
(/usr/local/texlive/2025/texmf-dist/tex/latex/pgf/utilities/pgffor.sty
(/usr/local/texlive/2025/texmf-dist/tex/generic/pgf/utilities/pgffor.code.tex
Package: pgffor 2023-01-15 v3.1.10 (3.1.10)
\pgffor@iter=\dimen321
\pgffor@skip=\dimen322
\pgffor@stack=\toks50
\pgffor@toks=\toks51
))
(/usr/local/texlive/2025/texmf-dist/tex/generic/pgf/frontendlayer/tikz/tikz.cod
e.tex
Package: tikz 2023-01-15 v3.1.10 (3.1.10)

(/usr/local/texlive/2025/texmf-dist/tex/generic/pgf/libraries/pgflibraryplothan
dlers.code.tex
File: pgflibraryplothandlers.code.tex 2023-01-15 v3.1.10 (3.1.10)
\pgf@plot@mark@count=\count355
\pgfplotmarksize=\dimen323
)
\tikz@lastx=\dimen324
\tikz@lasty=\dimen325
\tikz@lastxsaved=\dimen326
\tikz@lastysaved=\dimen327
\tikz@lastmovetox=\dimen328
\tikz@lastmovetoy=\dimen329
\tikzleveldistance=\dimen330
\tikzsiblingdistance=\dimen331
\tikz@figbox=\box80
\tikz@figbox@bg=\box81
\tikz@tempbox=\box82
\tikz@tempbox@bg=\box83
\tikztreelevel=\count356
\tikznumberofchildren=\count357
\tikznumberofcurrentchild=\count358
\tikz@fig@count=\count359

(/usr/local/texlive/2025/texmf-dist/tex/generic/pgf/modules/pgfmodulematrix.cod
e.tex
File: pgfmodulematrix.code.tex 2023-01-15 v3.1.10 (3.1.10)
\pgfmatrixcurrentrow=\count360
\pgfmatrixcurrentcolumn=\count361
\pgf@matrix@numberofcolumns=\count362
)
\tikz@expandcount=\count363

(/usr/local/texlive/2025/texmf-dist/tex/generic/pgf/frontendlayer/tikz/librarie
s/tikzlibrarytopaths.code.tex
File: tikzlibrarytopaths.code.tex 2023-01-15 v3.1.10 (3.1.10)
)))
(/usr/local/texlive/2025/texmf-dist/tex/latex/tools/verbatim.sty
Package: verbatim 2024-01-22 v1.5x LaTeX2e package for verbatim enhancements
\every@verbatim=\toks52
\verbatim@line=\toks53
\verbatim@in@stream=\read3
)
(/usr/local/texlive/2025/texmf-dist/tex/latex/environ/environ.sty
Package: environ 2014/05/04 v0.3 A new way to define environments

(/usr/local/texlive/2025/texmf-dist/tex/latex/trimspaces/trimspaces.sty
Package: trimspaces 2009/09/17 v1.1 Trim spaces around a token list
))
\tcb@titlebox=\box84
\tcb@upperbox=\box85
\tcb@lowerbox=\box86
\tcb@phantombox=\box87
\c@tcbbreakpart=\count364
\c@tcblayer=\count365
\c@tcolorbox@number=\count366
\l__tcobox_tmpa_box=\box88
\l__tcobox_tmpa_dim=\dimen332
\tcb@temp=\box89
\tcb@temp=\box90
\tcb@temp=\box91
\tcb@temp=\box92

(/usr/local/texlive/2025/texmf-dist/tex/latex/tcolorbox/tcbraster.code.tex
Library (tcolorbox): 'tcbraster.code.tex' version '6.4.1'
\c@tcbrastercolumn=\count367
\c@tcbrasterrow=\count368
\c@tcbrasternum=\count369
\c@tcbraster=\count370
) (/usr/local/texlive/2025/texmf-dist/tex/latex/tcolorbox/tcbskins.code.tex
Library (tcolorbox): 'tcbskins.code.tex' version '6.4.1'
(/usr/local/texlive/2025/texmf-dist/tex/latex/tikzfill/tikzfill.image.sty
Package: tikzfill.image 2023/08/08 v1.0.1 Image filling library for TikZ

(/usr/local/texlive/2025/texmf-dist/tex/latex/tikzfill/tikzfill-common.sty
Package: tikzfill-common 2023/08/08 v1.0.1 Auxiliary code for tikzfill
)
(/usr/local/texlive/2025/texmf-dist/tex/latex/tikzfill/tikzlibraryfill.image.co
de.tex
File: tikzlibraryfill.image.code.tex 2023/08/08 v1.0.1 Image filling library
\l__tikzfill_img_box=\box93
))
(/usr/local/texlive/2025/texmf-dist/tex/latex/tcolorbox/tcbskinsjigsaw.code.tex
Library (tcolorbox): 'tcbskinsjigsaw.code.tex' version '6.4.1'
))
(/usr/local/texlive/2025/texmf-dist/tex/latex/tcolorbox/tcbbreakable.code.tex
Library (tcolorbox): 'tcbbreakable.code.tex' version '6.4.1'
(/usr/local/texlive/2025/texmf-dist/tex/latex/pdfcol/pdfcol.sty
Package: pdfcol 2022-09-21 v1.7 Handle new color stacks for pdfTeX (HO)
)
Package pdfcol Info: New color stack `tcb@breakable' = 1 on input line 23.
\tcb@testbox=\box94
\tcb@totalupperbox=\box95
\tcb@totallowerbox=\box96
)
(/usr/local/texlive/2025/texmf-dist/tex/latex/tcolorbox/tcbhooks.code.tex
Library (tcolorbox): 'tcbhooks.code.tex' version '6.4.1'
) (/usr/local/texlive/2025/texmf-dist/tex/latex/tcolorbox/tcbtheorems.code.tex
Library (tcolorbox): 'tcbtheorems.code.tex' version '6.4.1'
) (/usr/local/texlive/2025/texmf-dist/tex/latex/tcolorbox/tcbfitting.code.tex
Library (tcolorbox): 'tcbfitting.code.tex' version '6.4.1'
\tcbfitdim=\dimen333
\tcb@lowerfitdim=\dimen334
\tcb@upperfitdim=\dimen335
\tcb@cur@hbadness=\count371
)
(/usr/local/texlive/2025/texmf-dist/tex/latex/tcolorbox/tcblistingsutf8.code.te
x
Library (tcolorbox): 'tcblistingsutf8.code.tex' version '6.4.1'
(/usr/local/texlive/2025/texmf-dist/tex/latex/tcolorbox/tcblistings.code.tex
Library (tcolorbox): 'tcblistings.code.tex' version '6.4.1'
(/usr/local/texlive/2025/texmf-dist/tex/latex/listings/listings.sty
\lst@mode=\count372
\lst@gtempboxa=\box97
\lst@token=\toks54
\lst@length=\count373
\lst@currlwidth=\dimen336
\lst@column=\count374
\lst@pos=\count375
\lst@lostspace=\dimen337
\lst@width=\dimen338
\lst@newlines=\count376
\lst@lineno=\count377
\lst@maxwidth=\dimen339

(/usr/local/texlive/2025/texmf-dist/tex/latex/listings/lstpatch.sty
File: lstpatch.sty 2024/09/23 1.10c (Carsten Heinz)
)
(/usr/local/texlive/2025/texmf-dist/tex/latex/listings/lstmisc.sty
File: lstmisc.sty 2024/09/23 1.10c (Carsten Heinz)
\c@lstnumber=\count378
\lst@skipnumbers=\count379
\lst@framebox=\box98
)
(/usr/local/texlive/2025/texmf-dist/tex/latex/listings/listings.cfg
File: listings.cfg 2024/09/23 1.10c listings configuration
))
Package: listings 2024/09/23 1.10c (Carsten Heinz)

(/usr/local/texlive/2025/texmf-dist/tex/latex/tcolorbox/tcblistingscore.code.te
x
Library (tcolorbox): 'tcblistingscore.code.tex' version '6.4.1'
(/usr/local/texlive/2025/texmf-dist/tex/latex/tcolorbox/tcbprocessing.code.tex
Library (tcolorbox): 'tcbprocessing.code.tex' version '6.4.1'
)
\c@tcblisting=\count380
)) (/usr/local/texlive/2025/texmf-dist/tex/latex/listingsutf8/listingsutf8.sty
Package: listingsutf8 2019-12-10 v1.5 Allow UTF-8 in listings input (HO)
)) (/usr/local/texlive/2025/texmf-dist/tex/latex/tcolorbox/tcbexternal.code.tex
Library (tcolorbox): 'tcbexternal.code.tex' version '6.4.1'
) (/usr/local/texlive/2025/texmf-dist/tex/latex/tcolorbox/tcbmagazine.code.tex
Library (tcolorbox): 'tcbmagazine.code.tex' version '6.4.1'
) (/usr/local/texlive/2025/texmf-dist/tex/latex/tcolorbox/tcbvignette.code.tex
Library (tcolorbox): 'tcbvignette.code.tex' version '6.4.1'

(/usr/local/texlive/2025/texmf-dist/tex/generic/pgf/frontendlayer/tikz/librarie
s/tikzlibraryfadings.code.tex
File: tikzlibraryfadings.code.tex 2023-01-15 v3.1.10 (3.1.10)

(/usr/local/texlive/2025/texmf-dist/tex/generic/pgf/libraries/pgflibraryfadings
.code.tex
File: pgflibraryfadings.code.tex 2023-01-15 v3.1.10 (3.1.10)
)))
(/usr/local/texlive/2025/texmf-dist/tex/latex/tcolorbox/tcbposter.code.tex
Library (tcolorbox): 'tcbposter.code.tex' version '6.4.1'
)) (/usr/local/texlive/2025/texmf-dist/tex/latex/fontawesome5/fontawesome5.sty
(/usr/local/texlive/2025/texmf-dist/tex/latex/l3kernel/expl3.sty
Package: expl3 2025-01-18 L3 programming layer (loader) 

(/usr/local/texlive/2025/texmf-dist/tex/latex/l3backend/l3backend-pdftex.def
File: l3backend-pdftex.def 2024-05-08 L3 backend support: PDF output (pdfTeX)
\l__color_backend_stack_int=\count381
\l__pdf_internal_box=\box99
))
Package: fontawesome5 2022/05/02 v5.15.4 Font Awesome 5

(/usr/local/texlive/2025/texmf-dist/tex/latex/l3packages/l3keys2e/l3keys2e.sty
Package: l3keys2e 2024-08-16 LaTeX2e option processing using LaTeX3 keys
) (/usr/local/texlive/2025/texmf-dist/tex/latex/l3packages/xparse/xparse.sty
Package: xparse 2024-08-16 L3 Experimental document command parser
)
(/usr/local/texlive/2025/texmf-dist/tex/latex/fontawesome5/fontawesome5-generic
-helper.sty
Package: fontawesome5-generic-helper 2022/05/02 v5.15.4 non-uTeX helper for fon
tawesome5

(/usr/local/texlive/2025/texmf-dist/tex/latex/fontawesome5/fontawesome5-mapping
.def))) (/usr/local/texlive/2025/texmf-dist/tex/latex/subfiles/subfiles.sty
Package: subfiles 2020/11/14 v2.2 Multi-file projects (package)

(/usr/local/texlive/2025/texmf-dist/tex/latex/import/import.sty
Package: import 2020/04/01  v 6.2
))
(/usr/local/texlive/2025/texmf-dist/tex/latex/stmaryrd/stmaryrd.sty
Package: stmaryrd 1994/03/03 St Mary's Road symbol package
\symstmry=\mathgroup6
LaTeX Font Info:    Overwriting symbol font `stmry' in version `bold'
(Font)                  U/stmry/m/n --> U/stmry/b/n on input line 89.
)
(/usr/local/texlive/2025/texmf-dist/tex/latex/beamer/multimedia.sty
Package: multimedia 2012/05/02 ver 0.02

(/usr/local/texlive/2025/texmf-dist/tex/generic/iftex/ifpdf.sty
Package: ifpdf 2019/10/25 v3.4 ifpdf legacy package. Use iftex instead.
)
\mm@movie=\count382
)
\sympureletters=\mathgroup7
LaTeX Font Info:    Overwriting symbol font `pureletters' in version `bold'
(Font)                  OT1/mathkerncmss/m/sl --> OT1/mathkerncmss/bx/sl on inp
ut line 18.

(/usr/local/texlive/2025/texmf-dist/tex/latex/tools/bm.sty
Package: bm 2023/12/19 v1.2f Bold Symbol Support (DPC/FMi)
\symboldoperators=\mathgroup8
\symboldletters=\mathgroup9
\symboldsymbols=\mathgroup10
Package bm Info: No bold for \OMX/cmex/m/n, using \pmb.
Package bm Info: No bold for \U/msa/m/n, using \pmb.
Package bm Info: No bold for \U/msb/m/n, using \pmb.
\symboldstmry=\mathgroup11
LaTeX Font Info:    Redeclaring math alphabet \mathbf on input line 149.
)
(/usr/local/texlive/2025/texmf-dist/tex/latex/natbib/bibentry.sty
Package: bibentry 2007/10/30 1.5 (PWD)
)
(/usr/local/texlive/2025/texmf-dist/tex/latex/algorithms/algorithm.sty
Package: algorithm 2009/08/24 v0.1 Document Style `algorithm' - floating enviro
nment

(/usr/local/texlive/2025/texmf-dist/tex/latex/float/float.sty
Package: float 2001/11/08 v1.3d Float enhancements (AL)
\c@float@type=\count383
\float@exts=\toks55
\float@box=\box100
\@float@everytoks=\toks56
\@floatcapt=\box101
)
(/usr/local/texlive/2025/texmf-dist/tex/latex/base/ifthen.sty
Package: ifthen 2024/03/16 v1.1e Standard LaTeX ifthen package (DPC)
)
\@float@every@algorithm=\toks57
\c@algorithm=\count384
)
(/usr/local/texlive/2025/texmf-dist/tex/latex/tikz-3dplot/tikz-3dplot.sty
(/usr/local/texlive/2025/texmf-dist/tex/generic/pgf/frontendlayer/tikz/librarie
s/tikzlibrarycalc.code.tex
File: tikzlibrarycalc.code.tex 2023-01-15 v3.1.10 (3.1.10)
)
(/usr/local/texlive/2025/texmf-dist/tex/generic/pgf/frontendlayer/tikz/librarie
s/tikzlibrary3d.code.tex
File: tikzlibrary3d.code.tex 2023-01-15 v3.1.10 (3.1.10)
)
(/usr/local/texlive/2025/texmf-dist/tex/generic/pgf/frontendlayer/tikz/librarie
s/tikzlibraryarrows.code.tex
File: tikzlibraryarrows.code.tex 2023-01-15 v3.1.10 (3.1.10)

(/usr/local/texlive/2025/texmf-dist/tex/generic/pgf/libraries/pgflibraryarrows.
code.tex
File: pgflibraryarrows.code.tex 2023-01-15 v3.1.10 (3.1.10)
\arrowsize=\dimen340
)))
(/usr/local/texlive/2025/texmf-dist/tex/generic/pgf/frontendlayer/tikz/librarie
s/tikzlibrarypositioning.code.tex
File: tikzlibrarypositioning.code.tex 2023-01-15 v3.1.10 (3.1.10)
)
(/usr/local/texlive/2025/texmf-dist/tex/generic/pgf/frontendlayer/tikz/librarie
s/tikzlibraryautomata.code.tex
File: tikzlibraryautomata.code.tex 2023-01-15 v3.1.10 (3.1.10)

(/usr/local/texlive/2025/texmf-dist/tex/generic/pgf/frontendlayer/tikz/librarie
s/tikzlibraryshapes.multipart.code.tex
File: tikzlibraryshapes.multipart.code.tex 2023-01-15 v3.1.10 (3.1.10)

(/usr/local/texlive/2025/texmf-dist/tex/generic/pgf/libraries/shapes/pgflibrary
shapes.multipart.code.tex
File: pgflibraryshapes.multipart.code.tex 2023-01-15 v3.1.10 (3.1.10)
\pgfnodepartlowerbox=\box102
\pgfnodeparttwobox=\box103
\pgfnodepartthreebox=\box104
\pgfnodepartfourbox=\box105
\pgfnodeparttwentybox=\box106
\pgfnodepartnineteenbox=\box107
\pgfnodeparteighteenbox=\box108
\pgfnodepartseventeenbox=\box109
\pgfnodepartsixteenbox=\box110
\pgfnodepartfifteenbox=\box111
\pgfnodepartfourteenbox=\box112
\pgfnodepartthirteenbox=\box113
\pgfnodeparttwelvebox=\box114
\pgfnodepartelevenbox=\box115
\pgfnodeparttenbox=\box116
\pgfnodepartninebox=\box117
\pgfnodeparteightbox=\box118
\pgfnodepartsevenbox=\box119
\pgfnodepartsixbox=\box120
\pgfnodepartfivebox=\box121
)))
(/usr/local/texlive/2025/texmf-dist/tex/latex/pgf/frontendlayer/libraries/tikzl
ibraryexternal.code.tex
(/usr/local/texlive/2025/texmf-dist/tex/generic/pgf/frontendlayer/tikz/librarie
s/tikzexternalshared.code.tex))
(/usr/local/texlive/2025/texmf-dist/tex/latex/hobby/tikzlibraryhobby.code.tex
(/usr/local/texlive/2025/texmf-dist/tex/latex/hobby/pgflibraryhobby.code.tex
(/usr/local/texlive/2025/texmf-dist/tex/latex/hobby/hobby.code.tex
(/usr/local/texlive/2025/texmf-dist/tex/latex/hobby/pml3array.sty
\l_array_base_int=\count385
\l_array_top_int=\count386
\l_array_tmp_int=\count387
\g_array_map_int=\count388
\g_array_base_int=\count389
)
\g__hobby_npoints_int=\count390
\g__hobby_draw_int=\count391
)))
(/usr/local/texlive/2025/texmf-dist/tex/generic/pgf/frontendlayer/tikz/librarie
s/tikzlibrarydecorations.pathreplacing.code.tex
(/usr/local/texlive/2025/texmf-dist/tex/generic/pgf/frontendlayer/tikz/librarie
s/tikzlibrarydecorations.code.tex
(/usr/local/texlive/2025/texmf-dist/tex/generic/pgf/modules/pgfmoduledecoration
s.code.tex
\pgfdecoratedcompleteddistance=\dimen341
\pgfdecoratedremainingdistance=\dimen342
\pgfdecoratedinputsegmentcompleteddistance=\dimen343
\pgfdecoratedinputsegmentremainingdistance=\dimen344
\pgf@decorate@distancetomove=\dimen345
\pgf@decorate@repeatstate=\count392
\pgfdecorationsegmentamplitude=\dimen346
\pgfdecorationsegmentlength=\dimen347
)
\tikz@lib@dec@box=\box122
)
(/usr/local/texlive/2025/texmf-dist/tex/generic/pgf/libraries/decorations/pgfli
brarydecorations.pathreplacing.code.tex))
(/usr/local/texlive/2025/texmf-dist/tex/generic/pgf/frontendlayer/tikz/librarie
s/tikzlibraryshapes.code.tex
File: tikzlibraryshapes.code.tex 2023-01-15 v3.1.10 (3.1.10)

(/usr/local/texlive/2025/texmf-dist/tex/generic/pgf/frontendlayer/tikz/librarie
s/tikzlibraryshapes.geometric.code.tex
File: tikzlibraryshapes.geometric.code.tex 2023-01-15 v3.1.10 (3.1.10)

(/usr/local/texlive/2025/texmf-dist/tex/generic/pgf/libraries/shapes/pgflibrary
shapes.geometric.code.tex
File: pgflibraryshapes.geometric.code.tex 2023-01-15 v3.1.10 (3.1.10)
))
(/usr/local/texlive/2025/texmf-dist/tex/generic/pgf/frontendlayer/tikz/librarie
s/tikzlibraryshapes.misc.code.tex
File: tikzlibraryshapes.misc.code.tex 2023-01-15 v3.1.10 (3.1.10)

(/usr/local/texlive/2025/texmf-dist/tex/generic/pgf/libraries/shapes/pgflibrary
shapes.misc.code.tex
File: pgflibraryshapes.misc.code.tex 2023-01-15 v3.1.10 (3.1.10)
))
(/usr/local/texlive/2025/texmf-dist/tex/generic/pgf/frontendlayer/tikz/librarie
s/tikzlibraryshapes.symbols.code.tex
File: tikzlibraryshapes.symbols.code.tex 2023-01-15 v3.1.10 (3.1.10)

(/usr/local/texlive/2025/texmf-dist/tex/generic/pgf/libraries/shapes/pgflibrary
shapes.symbols.code.tex
File: pgflibraryshapes.symbols.code.tex 2023-01-15 v3.1.10 (3.1.10)
))
(/usr/local/texlive/2025/texmf-dist/tex/generic/pgf/frontendlayer/tikz/librarie
s/tikzlibraryshapes.arrows.code.tex
File: tikzlibraryshapes.arrows.code.tex 2023-01-15 v3.1.10 (3.1.10)

(/usr/local/texlive/2025/texmf-dist/tex/generic/pgf/libraries/shapes/pgflibrary
shapes.arrows.code.tex
File: pgflibraryshapes.arrows.code.tex 2023-01-15 v3.1.10 (3.1.10)
))
(/usr/local/texlive/2025/texmf-dist/tex/generic/pgf/frontendlayer/tikz/librarie
s/tikzlibraryshapes.callouts.code.tex
(/usr/local/texlive/2025/texmf-dist/tex/generic/pgf/libraries/shapes/pgflibrary
shapes.callouts.code.tex)))
(/usr/local/texlive/2025/texmf-dist/tex/latex/tikzmark/tikzlibrarytikzmark.code
.tex
File: tikzlibrarytikzmark.code.tex 2022/08/24 v1.15 TikZ library for marking po
sitions in a document
\l__sn_x_dim=\dimen348
\l__sn_y_dim=\dimen349
\l__sn_xa_dim=\dimen350
\l__sn_ya_dim=\dimen351
)
(/usr/local/texlive/2025/texmf-dist/tex/latex/aobs-tikz/tikzlibraryoverlay-beam
er-styles.code.tex)
(/usr/local/texlive/2025/texmf-dist/tex/generic/pgf/libraries/pgflibraryarrows.
meta.code.tex
File: pgflibraryarrows.meta.code.tex 2023-01-15 v3.1.10 (3.1.10)
\pgfarrowinset=\dimen352
\pgfarrowlength=\dimen353
\pgfarrowwidth=\dimen354
\pgfarrowlinewidth=\dimen355
)
(/usr/local/texlive/2025/texmf-dist/tex/generic/pgf/frontendlayer/tikz/librarie
s/tikzlibrarymatrix.code.tex
File: tikzlibrarymatrix.code.tex 2023-01-15 v3.1.10 (3.1.10)
)
(/usr/local/texlive/2025/texmf-dist/tex/latex/leftidx/leftidx.sty
Package: leftidx 2003/09/24 v1.03 Left indices
)
(/usr/local/texlive/2025/texmf-dist/tex/latex/appendixnumberbeamer/appendixnumb
erbeamer.sty)
(/usr/local/texlive/2025/texmf-dist/tex/latex/algorithmicx/algpseudocode.sty
Package: algpseudocode 

(/usr/local/texlive/2025/texmf-dist/tex/latex/algorithmicx/algorithmicx.sty
Package: algorithmicx 2005/04/27 v1.2 Algorithmicx

Document Style algorithmicx 1.2 - a greatly improved `algorithmic' style
\c@ALG@line=\count393
\c@ALG@rem=\count394
\c@ALG@nested=\count395
\ALG@tlm=\skip71
\ALG@thistlm=\skip72
\c@ALG@Lnr=\count396
\c@ALG@blocknr=\count397
\c@ALG@storecount=\count398
\c@ALG@tmpcounter=\count399
\ALG@tmplength=\skip73
)
Document Style - pseudocode environments for use with the `algorithmicx' style
)

Package hyperref Warning: Token not allowed in a PDF string (Unicode):
(hyperref)                removing `math shift' on input line 126.


Package hyperref Warning: Token not allowed in a PDF string (Unicode):
(hyperref)                removing `\@@underline' on input line 126.


Package hyperref Warning: Token not allowed in a PDF string (Unicode):
(hyperref)                removing `\hbox' on input line 126.


Package hyperref Warning: Token not allowed in a PDF string (Unicode):
(hyperref)                removing `\mathsurround' on input line 126.


Package hyperref Warning: Token not allowed in a PDF string (Unicode):
(hyperref)                removing `\z@' on input line 126.


Package hyperref Warning: Token not allowed in a PDF string (Unicode):
(hyperref)                removing `math shift' on input line 126.


Package hyperref Warning: Token not allowed in a PDF string (Unicode):
(hyperref)                removing `\\' on input line 126.

(./slides_HDR2.aux)
\openout1 = `slides_HDR2.aux'.

LaTeX Font Info:    Checking defaults for OML/cmm/m/it on input line 172.
LaTeX Font Info:    ... okay on input line 172.
LaTeX Font Info:    Checking defaults for OMS/cmsy/m/n on input line 172.
LaTeX Font Info:    ... okay on input line 172.
LaTeX Font Info:    Checking defaults for OT1/cmr/m/n on input line 172.
LaTeX Font Info:    ... okay on input line 172.
LaTeX Font Info:    Checking defaults for T1/cmr/m/n on input line 172.
LaTeX Font Info:    ... okay on input line 172.
LaTeX Font Info:    Checking defaults for TS1/cmr/m/n on input line 172.
LaTeX Font Info:    ... okay on input line 172.
LaTeX Font Info:    Checking defaults for OMX/cmex/m/n on input line 172.
LaTeX Font Info:    ... okay on input line 172.
LaTeX Font Info:    Checking defaults for U/cmr/m/n on input line 172.
LaTeX Font Info:    ... okay on input line 172.
LaTeX Font Info:    Checking defaults for PD1/pdf/m/n on input line 172.
LaTeX Font Info:    ... okay on input line 172.
LaTeX Font Info:    Checking defaults for PU/pdf/m/n on input line 172.
LaTeX Font Info:    ... okay on input line 172.

*geometry* driver: auto-detecting
*geometry* detected driver: pdftex
*geometry* verbose mode - [ preamble ] result:
* driver: pdftex
* paper: custom
* layout: <same size as paper>
* layoutoffset:(h,v)=(0.0pt,0.0pt)
* modes: includehead includefoot 
* h-part:(L,W,R)=(28.45274pt, 307.28987pt, 28.45274pt)
* v-part:(T,H,B)=(0.0pt, 273.14662pt, 0.0pt)
* \paperwidth=364.19536pt
* \paperheight=273.14662pt
* \textwidth=307.28987pt
* \textheight=244.6939pt
* \oddsidemargin=-43.81725pt
* \evensidemargin=-43.81725pt
* \topmargin=-72.26999pt
* \headheight=14.22636pt
* \headsep=0.0pt
* \topskip=11.0pt
* \footskip=14.22636pt
* \marginparwidth=4.0pt
* \marginparsep=10.0pt
* \columnsep=10.0pt
* \skip\footins=10.0pt plus 4.0pt minus 2.0pt
* \hoffset=0.0pt
* \voffset=0.0pt
* \mag=1000
* \@twocolumnfalse
* \@twosidefalse
* \@mparswitchfalse
* \@reversemarginfalse
* (1in=72.27pt=25.4mm, 1cm=28.453pt)

(/usr/local/texlive/2025/texmf-dist/tex/context/base/mkii/supp-pdf.mkii
[Loading MPS to PDF converter (version 2006.09.02).]
\scratchcounter=\count400
\scratchdimen=\dimen356
\scratchbox=\box123
\nofMPsegments=\count401
\nofMParguments=\count402
\everyMPshowfont=\toks58
\MPscratchCnt=\count403
\MPscratchDim=\dimen357
\MPnumerator=\count404
\makeMPintoPDFobject=\count405
\everyMPtoPDFconversion=\toks59
) (/usr/local/texlive/2025/texmf-dist/tex/latex/epstopdf-pkg/epstopdf-base.sty
Package: epstopdf-base 2020-01-24 v2.11 Base part for package epstopdf
Package epstopdf-base Info: Redefining graphics rule for `.eps' on input line 4
85.

(/usr/local/texlive/2025/texmf-dist/tex/latex/latexconfig/epstopdf-sys.cfg
File: epstopdf-sys.cfg 2010/07/13 v1.3 Configuration of (r)epstopdf for TeX Liv
e
))
Package hyperref Info: Link coloring OFF on input line 172.

(./slides_HDR2.out) (./slides_HDR2.out)
\@outlinefile=\write5
\openout5 = `slides_HDR2.out'.

LaTeX Font Info:    Overwriting symbol font `operators' in version `normal'
(Font)                  OT1/cmr/m/n --> OT1/cmss/m/n on input line 172.
LaTeX Font Info:    Overwriting symbol font `operators' in version `bold'
(Font)                  OT1/cmr/bx/n --> OT1/cmss/b/n on input line 172.
\symnumbers=\mathgroup12
LaTeX Font Info:    Redeclaring symbol font `pureletters' on input line 172.
LaTeX Font Info:    Overwriting symbol font `pureletters' in version `normal'
(Font)                  OT1/mathkerncmss/m/sl --> OT1/cmss/m/it on input line 1
72.
LaTeX Font Info:    Overwriting symbol font `pureletters' in version `bold'
(Font)                  OT1/mathkerncmss/bx/sl --> OT1/cmss/m/it on input line 
172.
LaTeX Font Info:    Overwriting math alphabet `\mathrm' in version `normal'
(Font)                  OT1/cmss/m/n --> OT1/cmr/m/n on input line 172.
LaTeX Font Info:    Redeclaring math alphabet \mathbf on input line 172.
LaTeX Font Info:    Redeclaring math alphabet \mathsf on input line 172.
LaTeX Font Info:    Overwriting math alphabet `\mathsf' in version `normal'
(Font)                  OT1/cmss/m/n --> OT1/cmss/m/n on input line 172.
LaTeX Font Info:    Overwriting math alphabet `\mathsf' in version `bold'
(Font)                  OT1/cmss/bx/n --> OT1/cmss/m/n on input line 172.
LaTeX Font Info:    Redeclaring math alphabet \mathit on input line 172.
LaTeX Font Info:    Overwriting math alphabet `\mathit' in version `normal'
(Font)                  OT1/cmr/m/it --> OT1/cmss/m/it on input line 172.
LaTeX Font Info:    Overwriting math alphabet `\mathit' in version `bold'
(Font)                  OT1/cmr/bx/it --> OT1/cmss/m/it on input line 172.
LaTeX Font Info:    Redeclaring math alphabet \mathtt on input line 172.
LaTeX Font Info:    Overwriting math alphabet `\mathtt' in version `normal'
(Font)                  OT1/cmtt/m/n --> OT1/cmtt/m/n on input line 172.
LaTeX Font Info:    Overwriting math alphabet `\mathtt' in version `bold'
(Font)                  OT1/cmtt/m/n --> OT1/cmtt/m/n on input line 172.
LaTeX Font Info:    Overwriting symbol font `numbers' in version `bold'
(Font)                  OT1/cmss/m/n --> OT1/cmss/b/n on input line 172.
LaTeX Font Info:    Overwriting symbol font `pureletters' in version `bold'
(Font)                  OT1/cmss/m/it --> OT1/cmss/b/it on input line 172.
LaTeX Font Info:    Overwriting math alphabet `\mathrm' in version `bold'
(Font)                  OT1/cmss/b/n --> OT1/cmr/b/n on input line 172.
LaTeX Font Info:    Overwriting math alphabet `\mathbf' in version `bold'
(Font)                  OT1/cmss/b/n --> OT1/cmss/b/n on input line 172.
LaTeX Font Info:    Overwriting math alphabet `\mathsf' in version `bold'
(Font)                  OT1/cmss/m/n --> OT1/cmss/b/n on input line 172.
LaTeX Font Info:    Overwriting math alphabet `\mathit' in version `bold'
(Font)                  OT1/cmss/m/it --> OT1/cmss/b/it on input line 172.
LaTeX Font Info:    Overwriting math alphabet `\mathtt' in version `bold'
(Font)                  OT1/cmtt/m/n --> OT1/cmtt/b/n on input line 172.
LaTeX Font Info:    Redeclaring symbol font `pureletters' on input line 172.
LaTeX Font Info:    Overwriting symbol font `pureletters' in version `normal'
(Font)                  OT1/cmss/m/it --> OT1/mathkerncmss/m/sl on input line 1
72.
LaTeX Font Info:    Overwriting symbol font `pureletters' in version `bold'
(Font)                  OT1/cmss/b/it --> OT1/mathkerncmss/m/sl on input line 1
72.
LaTeX Font Info:    Overwriting symbol font `pureletters' in version `bold'
(Font)                  OT1/mathkerncmss/m/sl --> OT1/mathkerncmss/bx/sl on inp
ut line 172.

(/usr/local/texlive/2025/texmf-dist/tex/latex/translator/translator-basic-dicti
onary-English.dict
Dictionary: translator-basic-dictionary, Language: English 
)
(/usr/local/texlive/2025/texmf-dist/tex/latex/translator/translator-bibliograph
y-dictionary-English.dict
Dictionary: translator-bibliography-dictionary, Language: English 
)
(/usr/local/texlive/2025/texmf-dist/tex/latex/translator/translator-environment
-dictionary-English.dict
Dictionary: translator-environment-dictionary, Language: English 
)
(/usr/local/texlive/2025/texmf-dist/tex/latex/translator/translator-months-dict
ionary-English.dict
Dictionary: translator-months-dictionary, Language: English 
)
(/usr/local/texlive/2025/texmf-dist/tex/latex/translator/translator-numbers-dic
tionary-English.dict
Dictionary: translator-numbers-dictionary, Language: English 
)
(/usr/local/texlive/2025/texmf-dist/tex/latex/translator/translator-theorem-dic
tionary-English.dict
Dictionary: translator-theorem-dictionary, Language: English 
)
Package caption Info: Begin \AtBeginDocument code.
Package caption Info: float package is loaded.
Package caption Info: listings package is loaded.
Package caption Info: End \AtBeginDocument code.
\c@lstlisting=\count406
 (./slides_HDR2.nav)
LaTeX Font Info:    Trying to load font information for U+msa on input line 219
.

(/usr/local/texlive/2025/texmf-dist/tex/latex/amsfonts/umsa.fd
File: umsa.fd 2013/01/14 v3.01 AMS symbols A
)
LaTeX Font Info:    Trying to load font information for U+msb on input line 219
.

(/usr/local/texlive/2025/texmf-dist/tex/latex/amsfonts/umsb.fd
File: umsb.fd 2013/01/14 v3.01 AMS symbols B
)
LaTeX Font Info:    Trying to load font information for U+stmry on input line 2
19.

(/usr/local/texlive/2025/texmf-dist/tex/latex/stmaryrd/Ustmry.fd)
LaTeX Font Info:    Trying to load font information for OT1+mathkerncmss on inp
ut line 219.

(/usr/local/texlive/2025/texmf-dist/tex/latex/sansmathaccent/ot1mathkerncmss.fd
File: ot1mathkerncmss.fd 2020/01/31 Fontinst v1.933 font definitions for OT1/ma
thkerncmss.
)

LaTeX Font Warning: Font shape `U/stmry/b/n' undefined
(Font)              using `U/stmry/m/n' instead on input line 219.

<../../loghi_firme/logo.png, id=78, 348.30125pt x 145.54375pt>
File: ../../loghi_firme/logo.png Graphic file (type png)
<use ../../loghi_firme/logo.png>
Package pdftex.def Info: ../../loghi_firme/logo.png  used on input line 219.
(pdftex.def)             Requested size: 69.65901pt x 29.10823pt.
Package epstopdf Info: Source file: <../MPINNs_sorbonne/unc_sol.eps>
(epstopdf)                    date: 2011-06-16 09:40:04
(epstopdf)                    size: 198511 bytes
(epstopdf)             Output file: <../MPINNs_sorbonne/unc_sol-eps-converted-t
o.pdf>
(epstopdf)                    date: 2022-09-28 23:16:21
(epstopdf)                    size: 37882 bytes
(epstopdf)             Command: <repstopdf --outfile=../MPINNs_sorbonne/unc_sol
-eps-converted-to.pdf ../MPINNs_sorbonne/unc_sol.eps>
(epstopdf)             \includegraphics on input line 219.
Package epstopdf Info: Output file is already uptodate.
<../MPINNs_sorbonne/unc_sol-eps-converted-to.pdf, id=79, 449.68pt x 338.26375pt
>
File: ../MPINNs_sorbonne/unc_sol-eps-converted-to.pdf Graphic file (type pdf)
<use ../MPINNs_sorbonne/unc_sol-eps-converted-to.pdf>
Package pdftex.def Info: ../MPINNs_sorbonne/unc_sol-eps-converted-to.pdf  used 
on input line 219.
(pdftex.def)             Requested size: 61.45703pt x 46.22623pt.
Package epstopdf Info: Source file: <../MPINNs_sorbonne/sol_2.eps>
(epstopdf)                    date: 2011-07-10 11:26:26
(epstopdf)                    size: 21687 bytes
(epstopdf)             Output file: <../MPINNs_sorbonne/sol_2-eps-converted-to.
pdf>
(epstopdf)                    date: 2022-09-28 23:16:21
(epstopdf)                    size: 7501 bytes
(epstopdf)             Command: <repstopdf --outfile=../MPINNs_sorbonne/sol_2-e
ps-converted-to.pdf ../MPINNs_sorbonne/sol_2.eps>
(epstopdf)             \includegraphics on input line 219.
Package epstopdf Info: Output file is already uptodate.
<../MPINNs_sorbonne/sol_2-eps-converted-to.pdf, id=80, 449.68pt x 338.26375pt>
File: ../MPINNs_sorbonne/sol_2-eps-converted-to.pdf Graphic file (type pdf)
<use ../MPINNs_sorbonne/sol_2-eps-converted-to.pdf>
Package pdftex.def Info: ../MPINNs_sorbonne/sol_2-eps-converted-to.pdf  used on
 input line 219.
(pdftex.def)             Requested size: 61.45703pt x 46.22623pt.
Package epstopdf Info: Source file: <../MPINNs_sorbonne/sol_1.eps>
(epstopdf)                    date: 2011-07-10 11:23:50
(epstopdf)                    size: 12128 bytes
(epstopdf)             Output file: <../MPINNs_sorbonne/sol_1-eps-converted-to.
pdf>
(epstopdf)                    date: 2022-09-28 23:16:21
(epstopdf)                    size: 5910 bytes
(epstopdf)             Command: <repstopdf --outfile=../MPINNs_sorbonne/sol_1-e
ps-converted-to.pdf ../MPINNs_sorbonne/sol_1.eps>
(epstopdf)             \includegraphics on input line 219.
Package epstopdf Info: Output file is already uptodate.
<../MPINNs_sorbonne/sol_1-eps-converted-to.pdf, id=81, 449.68pt x 338.26375pt>
File: ../MPINNs_sorbonne/sol_1-eps-converted-to.pdf Graphic file (type pdf)
<use ../MPINNs_sorbonne/sol_1-eps-converted-to.pdf>
Package pdftex.def Info: ../MPINNs_sorbonne/sol_1-eps-converted-to.pdf  used on
 input line 219.
(pdftex.def)             Requested size: 61.45703pt x 46.22623pt.


[1{/usr/local/texlive/2025/texmf-var/fonts/map/pdftex/updmap/pdftex.map}

 <../../loghi_firme/logo.png> <../MPINNs_sorbonne/unc_sol-eps-converted-to.pdf>
 <../MPINNs_sorbonne/sol_2-eps-converted-to.pdf> <../MPINNs_sorbonne/sol_1-eps-
converted-to.pdf>]
Underfull \hbox (badness 2088) in paragraph at lines 291--291
[]\OT1/cmss/m/n/10.95 Hierarchically struc-tured
 []

<figures/structured.pdf, id=107, 606.265pt x 323.2075pt>
File: figures/structured.pdf Graphic file (type pdf)
<use figures/structured.pdf>
Package pdftex.def Info: figures/structured.pdf  used on input line 291.
(pdftex.def)             Requested size: 116.19987pt x 61.94762pt.


[2

 <./figures/structured.pdf>]
<figures/WPs.pdf, id=124, 1845.89626pt x 1048.91875pt>
File: figures/WPs.pdf Graphic file (type pdf)
<use figures/WPs.pdf>
Package pdftex.def Info: figures/WPs.pdf  used on input line 304.
(pdftex.def)             Requested size: 313.79822pt x 178.31383pt.

Overfull \hbox (6.50835pt too wide) in paragraph at lines 304--304
 [] 
 []



[3

 <./figures/WPs.pdf>]

[4

]
<../POPILS/images/grid2.png, id=142, 462.528pt x 346.896pt>
File: ../POPILS/images/grid2.png Graphic file (type png)
<use ../POPILS/images/grid2.png>
Package pdftex.def Info: ../POPILS/images/grid2.png  used on input line 359.
(pdftex.def)             Requested size: 117.9987pt x 88.497pt.


[5

 <../POPILS/images/grid2.png>]
<figures/MG.pdf, id=153, 1787.67876pt x 1092.08pt>
File: figures/MG.pdf Graphic file (type pdf)
<use figures/MG.pdf>
Package pdftex.def Info: figures/MG.pdf  used on input line 411.
(pdftex.def)             Requested size: 307.28987pt x 187.71745pt.


[6

 <./figures/MG.pdf>]

[7

]

[8

]
File: ../MPINNs_sorbonne/grid-14.mps Graphic file (type mps)
 [MP to PDF] (../MPINNs_sorbonne/grid-14.mps)
Package epstopdf Info: Source file: <../MPINNs_sorbonne/sol_6.eps>
(epstopdf)                    date: 2011-07-10 11:32:38
(epstopdf)                    size: 2974835 bytes
(epstopdf)             Output file: <../MPINNs_sorbonne/sol_6-eps-converted-to.
pdf>
(epstopdf)                    date: 2022-09-28 23:15:48
(epstopdf)                    size: 530607 bytes
(epstopdf)             Command: <repstopdf --outfile=../MPINNs_sorbonne/sol_6-e
ps-converted-to.pdf ../MPINNs_sorbonne/sol_6.eps>
(epstopdf)             \includegraphics on input line 634.
Package epstopdf Info: Output file is already uptodate.
<../MPINNs_sorbonne/sol_6-eps-converted-to.pdf, id=177, 449.68pt x 338.26375pt>

File: ../MPINNs_sorbonne/sol_6-eps-converted-to.pdf Graphic file (type pdf)
<use ../MPINNs_sorbonne/sol_6-eps-converted-to.pdf>
Package pdftex.def Info: ../MPINNs_sorbonne/sol_6-eps-converted-to.pdf  used on
 input line 634.
(pdftex.def)             Requested size: 55.31094pt x 41.6067pt.
File: ../MPINNs_sorbonne/grid-13.mps Graphic file (type mps)
 [MP to PDF]
(../MPINNs_sorbonne/grid-13.mps)
Package epstopdf Info: Source file: <../MPINNs_sorbonne/unc_sol.eps>
(epstopdf)                    date: 2011-06-16 09:40:04
(epstopdf)                    size: 198511 bytes
(epstopdf)             Output file: <../MPINNs_sorbonne/unc_sol-eps-converted-t
o.pdf>
(epstopdf)                    date: 2022-09-28 23:16:21
(epstopdf)                    size: 37882 bytes
(epstopdf)             Command: <repstopdf --outfile=../MPINNs_sorbonne/unc_sol
-eps-converted-to.pdf ../MPINNs_sorbonne/unc_sol.eps>
(epstopdf)             \includegraphics on input line 634.
Package epstopdf Info: Output file is already uptodate.
File: ../MPINNs_sorbonne/unc_sol-eps-converted-to.pdf Graphic file (type pdf)
<use ../MPINNs_sorbonne/unc_sol-eps-converted-to.pdf>
Package pdftex.def Info: ../MPINNs_sorbonne/unc_sol-eps-converted-to.pdf  used 
on input line 634.
(pdftex.def)             Requested size: 55.31094pt x 41.6067pt.
File: ../MPINNs_sorbonne/grid-12.mps Graphic file (type mps)
 [MP to PDF] (../MPINNs_sorbonne/grid-12.mps)
Package epstopdf Info: Source file: <../MPINNs_sorbonne/sol_2.eps>
(epstopdf)                    date: 2011-07-10 11:26:26
(epstopdf)                    size: 21687 bytes
(epstopdf)             Output file: <../MPINNs_sorbonne/sol_2-eps-converted-to.
pdf>
(epstopdf)                    date: 2022-09-28 23:16:21
(epstopdf)                    size: 7501 bytes
(epstopdf)             Command: <repstopdf --outfile=../MPINNs_sorbonne/sol_2-e
ps-converted-to.pdf ../MPINNs_sorbonne/sol_2.eps>
(epstopdf)             \includegraphics on input line 634.
Package epstopdf Info: Output file is already uptodate.
File: ../MPINNs_sorbonne/sol_2-eps-converted-to.pdf Graphic file (type pdf)
<use ../MPINNs_sorbonne/sol_2-eps-converted-to.pdf>
Package pdftex.def Info: ../MPINNs_sorbonne/sol_2-eps-converted-to.pdf  used on
 input line 634.
(pdftex.def)             Requested size: 55.31094pt x 41.6067pt.
File: ../MPINNs_sorbonne/grid-11.mps Graphic file (type mps)

[MP to PDF] (../MPINNs_sorbonne/grid-11.mps)
Package epstopdf Info: Source file: <../MPINNs_sorbonne/sol_1.eps>
(epstopdf)                    date: 2011-07-10 11:23:50
(epstopdf)                    size: 12128 bytes
(epstopdf)             Output file: <../MPINNs_sorbonne/sol_1-eps-converted-to.
pdf>
(epstopdf)                    date: 2022-09-28 23:16:21
(epstopdf)                    size: 5910 bytes
(epstopdf)             Command: <repstopdf --outfile=../MPINNs_sorbonne/sol_1-e
ps-converted-to.pdf ../MPINNs_sorbonne/sol_1.eps>
(epstopdf)             \includegraphics on input line 634.
Package epstopdf Info: Output file is already uptodate.
File: ../MPINNs_sorbonne/sol_1-eps-converted-to.pdf Graphic file (type pdf)
<use ../MPINNs_sorbonne/sol_1-eps-converted-to.pdf>
Package pdftex.def Info: ../MPINNs_sorbonne/sol_1-eps-converted-to.pdf  used on
 input line 634.
(pdftex.def)             Requested size: 55.31094pt x 41.6067pt.


[9

 <../MPINNs_sorbonne/sol_6-eps-converted-to.pdf>]
<figures/iter_fine2.pdf, id=197, 1932.21875pt x 811.03pt>
File: figures/iter_fine2.pdf Graphic file (type pdf)
<use figures/iter_fine2.pdf>
Package pdftex.def Info: figures/iter_fine2.pdf  used on input line 730.
(pdftex.def)             Requested size: 307.28987pt x 128.97542pt.


[10

 <./figures/iter_fine2.pdf>]
<figures/coarse_step.pdf, id=208, 1653.17625pt x 1043.9pt>
File: figures/coarse_step.pdf Graphic file (type pdf)
<use figures/coarse_step.pdf>
Package pdftex.def Info: figures/coarse_step.pdf  used on input line 742.
(pdftex.def)             Requested size: 307.28987pt x 194.0264pt.


[11

 <./figures/coarse_step.pdf>]
LaTeX Font Info:    Trying to load font information for U+fontawesomefree3 on i
nput line 876.

(/usr/local/texlive/2025/texmf-dist/tex/latex/fontawesome5/ufontawesomefree3.fd
)
Overfull \vbox (3.83089pt too high) detected at line 876
 []



[12

{/usr/local/texlive/2025/texmf-dist/fonts/enc/dvips/fontawesome5/fa5free3.enc}]

Overfull \hbox (2.79572pt too wide) detected at line 988
[] \OT1/mathkerncmss/m/sl/9 f\OT1/cmss/m/n/9 (\OT1/mathkerncmss/m/sl/9 x\OT1/cm
ss/m/n/9 )
 []


Underfull \hbox (badness 10000) in paragraph at lines 988--988
\OT1/cmss/m/n/9 with
 []

<figures/schema_new.pdf, id=230, 1589.94pt x 995.72pt>
File: figures/schema_new.pdf Graphic file (type pdf)
<use figures/schema_new.pdf>
Package pdftex.def Info: figures/schema_new.pdf  used on input line 988.
(pdftex.def)             Requested size: 254.3956pt x 159.31845pt.

Overfull \hbox (8.56277pt too wide) in paragraph at lines 988--988
[][]  
 []



[13

 <./figures/schema_new.pdf>]
File: figures/schema_new.pdf Graphic file (type pdf)
<use figures/schema_new.pdf>
Package pdftex.def Info: figures/schema_new.pdf  used on input line 1028.
(pdftex.def)             Requested size: 254.3956pt x 159.31845pt.

Overfull \vbox (2.42049pt too high) detected at line 1028
 []



[14

]

[15

]
<figures/pnp.pdf, id=252, 1187.43625pt x 309.155pt>
File: figures/pnp.pdf Graphic file (type pdf)
<use figures/pnp.pdf>
Package pdftex.def Info: figures/pnp.pdf  used on input line 1130.
(pdftex.def)             Requested size: 237.48305pt x 61.8299pt.


[16

 <./figures/pnp.pdf>]

[17

]

[18

]
<../POPILS/images/slide1/x_originale-crop.pdf, id=275, 632.3625pt x 593.21625pt
>
File: ../POPILS/images/slide1/x_originale-crop.pdf Graphic file (type pdf)
<use ../POPILS/images/slide1/x_originale-crop.pdf>
Package pdftex.def Info: ../POPILS/images/slide1/x_originale-crop.pdf  used on 
input line 1294.
(pdftex.def)             Requested size: 76.82246pt x 72.04736pt.
<../POPILS/images/slide1/z_degraded-crop.pdf, id=277, 632.3625pt x 593.21625pt>

File: ../POPILS/images/slide1/z_degraded-crop.pdf Graphic file (type pdf)
<use ../POPILS/images/slide1/z_degraded-crop.pdf>
Package pdftex.def Info: ../POPILS/images/slide1/z_degraded-crop.pdf  used on i
nput line 1294.
(pdftex.def)             Requested size: 76.82246pt x 72.04736pt.
<../POPILS/images/slide1/x_reconstruiteNLTV-crop.pdf, id=279, 632.3625pt x 593.
21625pt>
File: ../POPILS/images/slide1/x_reconstruiteNLTV-crop.pdf Graphic file (type pd
f)
<use ../POPILS/images/slide1/x_reconstruiteNLTV-crop.pdf>
Package pdftex.def Info: ../POPILS/images/slide1/x_reconstruiteNLTV-crop.pdf  u
sed on input line 1294.
(pdftex.def)             Requested size: 76.82246pt x 72.04736pt.


[19

 <../POPILS/images/slide1/x_originale-crop.pdf> <../POPILS/images/slide1/z_degr
aded-crop.pdf> <../POPILS/images/slide1/x_reconstruiteNLTV-crop.pdf>]
<../POPILS/images/Hypercube-crop.png, id=302, 509.905pt x 287.0725pt>
File: ../POPILS/images/Hypercube-crop.png Graphic file (type png)
<use ../POPILS/images/Hypercube-crop.png>
Package pdftex.def Info: ../POPILS/images/Hypercube-crop.png  used on input lin
e 1390.
(pdftex.def)             Requested size: 125.37418pt x 70.58524pt.

Overfull \vbox (6.7012pt too high) detected at line 1390
 []



[20

 <../POPILS/images/Hypercube-crop.png>]
<../POPILS/images/TransfertInfoHYSpatial-crop.pdf, id=309, 1720.4275pt x 365.36
5pt>
File: ../POPILS/images/TransfertInfoHYSpatial-crop.pdf Graphic file (type pdf)
<use ../POPILS/images/TransfertInfoHYSpatial-crop.pdf>
Package pdftex.def Info: ../POPILS/images/TransfertInfoHYSpatial-crop.pdf  used
 on input line 1399.
(pdftex.def)             Requested size: 307.28987pt x 65.25552pt.


[21

 <../POPILS/images/TransfertInfoHYSpatial-crop.pdf>]
<../POPILS/images/TransfertInfoHYSpectral-crop.pdf, id=335, 1911.14pt x 411.537
5pt>
File: ../POPILS/images/TransfertInfoHYSpectral-crop.pdf Graphic file (type pdf)

<use ../POPILS/images/TransfertInfoHYSpectral-crop.pdf>
Package pdftex.def Info: ../POPILS/images/TransfertInfoHYSpectral-crop.pdf  use
d on input line 1399.
(pdftex.def)             Requested size: 307.28987pt x 66.1676pt.


[22

 <../POPILS/images/TransfertInfoHYSpectral-crop.pdf>]
<figures/hyper_f.pdf, id=361, 1611.01875pt x 742.775pt>
File: figures/hyper_f.pdf Graphic file (type pdf)
<use figures/hyper_f.pdf>
Package pdftex.def Info: figures/hyper_f.pdf  used on input line 1474.
(pdftex.def)             Requested size: 307.28987pt x 141.67273pt.


[23

 <./figures/hyper_f.pdf>]
<figures/hyper_image.pdf, id=372, 1676.2625pt x 797.98125pt>
File: figures/hyper_image.pdf Graphic file (type pdf)
<use figures/hyper_image.pdf>
Package pdftex.def Info: figures/hyper_image.pdf  used on input line 1493.
(pdftex.def)             Requested size: 307.28987pt x 146.28484pt.


[24

 <./figures/hyper_image.pdf>]

Package hyperref Warning: Difference (2) between bookmark levels is greater 
(hyperref)                than one, level fixed on input line 1495.

<../../teaching/coursM2/figures/RI.pdf, id=384, 1571.8725pt x 840.13875pt>
File: ../../teaching/coursM2/figures/RI.pdf Graphic file (type pdf)
<use ../../teaching/coursM2/figures/RI.pdf>
Package pdftex.def Info: ../../teaching/coursM2/figures/RI.pdf  used on input l
ine 1510.
(pdftex.def)             Requested size: 307.28987pt x 153.11829pt.


[25

 <../../teaching/coursM2/figures/RI.pdf>]
<../../teaching/coursM2/figures/RI2.pdf, id=398, 1567.8575pt x 714.67pt>
File: ../../teaching/coursM2/figures/RI2.pdf Graphic file (type pdf)
<use ../../teaching/coursM2/figures/RI2.pdf>
Package pdftex.def Info: ../../teaching/coursM2/figures/RI2.pdf  used on input 
line 1517.
(pdftex.def)             Requested size: 307.28987pt x 140.06345pt.


[26

 <../../teaching/coursM2/figures/RI2.pdf>]
<figures/RI_new.pdf, id=410, 1159.33125pt x 819.06pt>
File: figures/RI_new.pdf Graphic file (type pdf)
<use figures/RI_new.pdf>
Package pdftex.def Info: figures/RI_new.pdf  used on input line 1537.
(pdftex.def)             Requested size: 307.28987pt x 217.09985pt.


[27

 <./figures/RI_new.pdf>]
<../../teaching/coursM2/figures/RI5.pdf, id=421, 1768.6075pt x 714.67pt>
File: ../../teaching/coursM2/figures/RI5.pdf Graphic file (type pdf)
<use ../../teaching/coursM2/figures/RI5.pdf>
Package pdftex.def Info: ../../teaching/coursM2/figures/RI5.pdf  used on input 
line 1545.
(pdftex.def)             Requested size: 322.65529pt x 130.37984pt.

Overfull \hbox (15.36542pt too wide) in paragraph at lines 1545--1545
 [][] 
 []



[28

 <../../teaching/coursM2/figures/RI5.pdf>]

[29

]
<figures/proj_learning3.pdf, id=439, 1625.07124pt x 944.52875pt>
File: figures/proj_learning3.pdf Graphic file (type pdf)
<use figures/proj_learning3.pdf>
Package pdftex.def Info: figures/proj_learning3.pdf  used on input line 1573.
(pdftex.def)             Requested size: 243.75017pt x 141.67319pt.


[30

 <./figures/proj_learning3.pdf>]
<figures/pinn_schema2.pdf, id=450, 1049.9225pt x 391.4625pt>
File: figures/pinn_schema2.pdf Graphic file (type pdf)
<use figures/pinn_schema2.pdf>
Package pdftex.def Info: figures/pinn_schema2.pdf  used on input line 1625.
(pdftex.def)             Requested size: 157.48157pt x 58.71683pt.
<../POPILS/images/sampling2.png, id=451, 515.9275pt x 514.92375pt>
File: ../POPILS/images/sampling2.png Graphic file (type png)
<use ../POPILS/images/sampling2.png>
Package pdftex.def Info: ../POPILS/images/sampling2.png  used on input line 162
5.
(pdftex.def)             Requested size: 77.38577pt x 77.23523pt.


LaTeX Font Warning: Command \small invalid in math mode on input line 1625.


LaTeX Font Warning: Command \small invalid in math mode on input line 1625.


LaTeX Font Warning: Command \small invalid in math mode on input line 1625.


LaTeX Font Warning: Command \small invalid in math mode on input line 1625.


LaTeX Font Warning: Command \small invalid in math mode on input line 1625.


LaTeX Font Warning: Command \small invalid in math mode on input line 1625.



[31

 <./figures/pinn_schema2.pdf> <../POPILS/images/sampling2.png>]
<../POPILS/images/spectral_bias.pdf, id=463, 348.43373pt x 95.21472pt>
File: ../POPILS/images/spectral_bias.pdf Graphic file (type pdf)
<use ../POPILS/images/spectral_bias.pdf>
Package pdftex.def Info: ../POPILS/images/spectral_bias.pdf  used on input line
 1672.
(pdftex.def)             Requested size: 307.28987pt x 83.97662pt.

Overfull \hbox (21.90005pt too wide) in paragraph at lines 1672--1672
 [] 
 []

<../POPILS/images/MG_new_color.pdf, id=464, 1637.11626pt x 674.52pt>
File: ../POPILS/images/MG_new_color.pdf Graphic file (type pdf)
<use ../POPILS/images/MG_new_color.pdf>
Package pdftex.def Info: ../POPILS/images/MG_new_color.pdf  used on input line 
1672.
(pdftex.def)             Requested size: 228.31271pt x 94.06163pt.

Overfull \vbox (6.39433pt too high) detected at line 1672
 []



[32

 <../POPILS/images/spectral_bias.pdf> <../POPILS/images/MG_new_color.pdf>]
<figures/mscale.pdf, id=506, 1208.515pt x 524.96124pt>
File: figures/mscale.pdf Graphic file (type pdf)
<use figures/mscale.pdf>
Package pdftex.def Info: figures/mscale.pdf  used on input line 1735.
(pdftex.def)             Requested size: 241.69872pt x 104.99039pt.


[33

 <./figures/mscale.pdf>]
<figures/schema_BCD.pdf, id=517, 1812.7725pt x 849.1725pt>
File: figures/schema_BCD.pdf Graphic file (type pdf)
<use figures/schema_BCD.pdf>
Package pdftex.def Info: figures/schema_BCD.pdf  used on input line 1781.
(pdftex.def)             Requested size: 307.28987pt x 143.94278pt.


[34

 <./figures/schema_BCD.pdf>]
<figures/exp_mscale.pdf, id=528, 1857.94125pt x 850.17625pt>
File: figures/exp_mscale.pdf Graphic file (type pdf)
<use figures/exp_mscale.pdf>
Package pdftex.def Info: figures/exp_mscale.pdf  used on input line 1878.
(pdftex.def)             Requested size: 307.28987pt x 140.6103pt.


[35

 <./figures/exp_mscale.pdf>]

[36

]
<../../sparse_days/FastFourierTransform.png, id=546, 804.00375pt x 171.64125pt>

File: ../../sparse_days/FastFourierTransform.png Graphic file (type png)
<use ../../sparse_days/FastFourierTransform.png>
Package pdftex.def Info: ../../sparse_days/FastFourierTransform.png  used on in
put line 2144.
(pdftex.def)             Requested size: 160.7979pt x 34.32764pt.


[37

 <../../sparse_days/FastFourierTransform.png>]
File: ../../sparse_days/FastFourierTransform.png Graphic file (type png)
<use ../../sparse_days/FastFourierTransform.png>
Package pdftex.def Info: ../../sparse_days/FastFourierTransform.png  used on in
put line 2144.
(pdftex.def)             Requested size: 160.7979pt x 34.32764pt.


[38

]
<../../sparse_days/lmra_lu.png, id=559, 922.44624pt x 180.675pt>
File: ../../sparse_days/lmra_lu.png Graphic file (type png)
<use ../../sparse_days/lmra_lu.png>
Package pdftex.def Info: ../../sparse_days/lmra_lu.png  used on input line 2200
.
(pdftex.def)             Requested size: 239.83037pt x 46.97438pt.
<../../sparse_days/hadamard.png, id=560, 664.4825pt x 104.39pt>
File: ../../sparse_days/hadamard.png Graphic file (type png)
<use ../../sparse_days/hadamard.png>
Package pdftex.def Info: ../../sparse_days/hadamard.png  used on input line 220
0.
(pdftex.def)             Requested size: 172.76137pt x 27.14075pt.


[39

 <../../sparse_days/lmra_lu.png> <../../sparse_days/hadamard.png>]

[40

]

[41

]

LaTeX Font Warning: Command \footnotesize invalid in math mode on input line 23
76.

<../../sparse_days/rank1contribution.pdf, id=580, page=4, 594.42076pt x 313.716
05pt>
File: ../../sparse_days/rank1contribution.pdf Graphic file (type pdf)
<use ../../sparse_days/rank1contribution.pdf, page 4>
Package pdftex.def Info: ../../sparse_days/rank1contribution.pdf , page4 used o
n input line 2376.
(pdftex.def)             Requested size: 122.9164pt x 64.86748pt.


[42

 <../../sparse_days/rank1contribution.pdf>]
<figures/butterfly_factors.png, id=625, 1335.99126pt x 327.2225pt>
File: figures/butterfly_factors.png Graphic file (type png)
<use figures/butterfly_factors.png>
Package pdftex.def Info: figures/butterfly_factors.png  used on input line 2425
.
(pdftex.def)             Requested size: 275.99193pt x 67.59532pt.

Underfull \hbox (badness 10000) in paragraph at lines 2425--2425
[]\OT1/cmss/m/n/10.95 Notable case: but-ter-fly ma-tri-ces
 []



[43

 <./figures/butterfly_factors.png>]
<../../sparse_days/tree_partial_1.pdf, id=633, 394.62782pt x 287.56711pt>
File: ../../sparse_days/tree_partial_1.pdf Graphic file (type pdf)
<use ../../sparse_days/tree_partial_1.pdf>
Package pdftex.def Info: ../../sparse_days/tree_partial_1.pdf  used on input li
ne 2527.
(pdftex.def)             Requested size: 107.55098pt x 78.37254pt.
<../../sparse_days/tree_partial_2.pdf, id=634, 394.62782pt x 287.56711pt>
File: ../../sparse_days/tree_partial_2.pdf Graphic file (type pdf)
<use ../../sparse_days/tree_partial_2.pdf>
Package pdftex.def Info: ../../sparse_days/tree_partial_2.pdf  used on input li
ne 2527.
(pdftex.def)             Requested size: 107.55098pt x 78.37254pt.
<../../sparse_days/tree_3.pdf, id=635, 394.62782pt x 287.56711pt>
File: ../../sparse_days/tree_3.pdf Graphic file (type pdf)
<use ../../sparse_days/tree_3.pdf>
Package pdftex.def Info: ../../sparse_days/tree_3.pdf  used on input line 2527.

(pdftex.def)             Requested size: 107.55098pt x 78.37254pt.
<../../sparse_days/balanced_tree.png, id=636, 420.06938pt x 303.63437pt>
File: ../../sparse_days/balanced_tree.png Graphic file (type png)
<use ../../sparse_days/balanced_tree.png>
Package pdftex.def Info: ../../sparse_days/balanced_tree.png  used on input lin
e 2527.
(pdftex.def)             Requested size: 84.01237pt x 60.72578pt.


[44

 <../../sparse_days/tree_partial_1.pdf> <../../sparse_days/balanced_tree.png>]
File: ../../sparse_days/tree_partial_1.pdf Graphic file (type pdf)
<use ../../sparse_days/tree_partial_1.pdf>
Package pdftex.def Info: ../../sparse_days/tree_partial_1.pdf  used on input li
ne 2527.
(pdftex.def)             Requested size: 107.55098pt x 78.37254pt.
File: ../../sparse_days/tree_partial_2.pdf Graphic file (type pdf)
<use ../../sparse_days/tree_partial_2.pdf>
Package pdftex.def Info: ../../sparse_days/tree_partial_2.pdf  used on input li
ne 2527.
(pdftex.def)             Requested size: 107.55098pt x 78.37254pt.
File: ../../sparse_days/tree_3.pdf Graphic file (type pdf)
<use ../../sparse_days/tree_3.pdf>
Package pdftex.def Info: ../../sparse_days/tree_3.pdf  used on input line 2527.

(pdftex.def)             Requested size: 107.55098pt x 78.37254pt.
File: ../../sparse_days/balanced_tree.png Graphic file (type png)
<use ../../sparse_days/balanced_tree.png>
Package pdftex.def Info: ../../sparse_days/balanced_tree.png  used on input lin
e 2527.
(pdftex.def)             Requested size: 84.01237pt x 60.72578pt.


[45

 <../../sparse_days/tree_partial_2.pdf>]
File: ../../sparse_days/tree_partial_1.pdf Graphic file (type pdf)
<use ../../sparse_days/tree_partial_1.pdf>
Package pdftex.def Info: ../../sparse_days/tree_partial_1.pdf  used on input li
ne 2527.
(pdftex.def)             Requested size: 107.55098pt x 78.37254pt.
File: ../../sparse_days/tree_partial_2.pdf Graphic file (type pdf)
<use ../../sparse_days/tree_partial_2.pdf>
Package pdftex.def Info: ../../sparse_days/tree_partial_2.pdf  used on input li
ne 2527.
(pdftex.def)             Requested size: 107.55098pt x 78.37254pt.
File: ../../sparse_days/tree_3.pdf Graphic file (type pdf)
<use ../../sparse_days/tree_3.pdf>
Package pdftex.def Info: ../../sparse_days/tree_3.pdf  used on input line 2527.

(pdftex.def)             Requested size: 107.55098pt x 78.37254pt.
File: ../../sparse_days/balanced_tree.png Graphic file (type png)
<use ../../sparse_days/balanced_tree.png>
Package pdftex.def Info: ../../sparse_days/balanced_tree.png  used on input lin
e 2527.
(pdftex.def)             Requested size: 84.01237pt x 60.72578pt.


[46

 <../../sparse_days/tree_3.pdf>]
File: ../../sparse_days/tree_partial_1.pdf Graphic file (type pdf)
<use ../../sparse_days/tree_partial_1.pdf>
Package pdftex.def Info: ../../sparse_days/tree_partial_1.pdf  used on input li
ne 2527.
(pdftex.def)             Requested size: 107.55098pt x 78.37254pt.
File: ../../sparse_days/tree_partial_2.pdf Graphic file (type pdf)
<use ../../sparse_days/tree_partial_2.pdf>
Package pdftex.def Info: ../../sparse_days/tree_partial_2.pdf  used on input li
ne 2527.
(pdftex.def)             Requested size: 107.55098pt x 78.37254pt.
File: ../../sparse_days/tree_3.pdf Graphic file (type pdf)
<use ../../sparse_days/tree_3.pdf>
Package pdftex.def Info: ../../sparse_days/tree_3.pdf  used on input line 2527.

(pdftex.def)             Requested size: 107.55098pt x 78.37254pt.
File: ../../sparse_days/balanced_tree.png Graphic file (type png)
<use ../../sparse_days/balanced_tree.png>
Package pdftex.def Info: ../../sparse_days/balanced_tree.png  used on input lin
e 2527.
(pdftex.def)             Requested size: 84.01237pt x 60.72578pt.


[47

]
File: ../../sparse_days/tree_partial_1.pdf Graphic file (type pdf)
<use ../../sparse_days/tree_partial_1.pdf>
Package pdftex.def Info: ../../sparse_days/tree_partial_1.pdf  used on input li
ne 2527.
(pdftex.def)             Requested size: 107.55098pt x 78.37254pt.
File: ../../sparse_days/tree_partial_2.pdf Graphic file (type pdf)
<use ../../sparse_days/tree_partial_2.pdf>
Package pdftex.def Info: ../../sparse_days/tree_partial_2.pdf  used on input li
ne 2527.
(pdftex.def)             Requested size: 107.55098pt x 78.37254pt.
File: ../../sparse_days/tree_3.pdf Graphic file (type pdf)
<use ../../sparse_days/tree_3.pdf>
Package pdftex.def Info: ../../sparse_days/tree_3.pdf  used on input line 2527.

(pdftex.def)             Requested size: 107.55098pt x 78.37254pt.
File: ../../sparse_days/balanced_tree.png Graphic file (type png)
<use ../../sparse_days/balanced_tree.png>
Package pdftex.def Info: ../../sparse_days/balanced_tree.png  used on input lin
e 2527.
(pdftex.def)             Requested size: 84.01237pt x 60.72578pt.


[48

]
<../../sparse_days/DFT_exact.pdf, id=670, 421.575pt x 263.17949pt>
File: ../../sparse_days/DFT_exact.pdf Graphic file (type pdf)
<use ../../sparse_days/DFT_exact.pdf>
Package pdftex.def Info: ../../sparse_days/DFT_exact.pdf  used on input line 27
09.
(pdftex.def)             Requested size: 153.64493pt x 95.91714pt.


[49

 <../../sparse_days/DFT_exact.pdf>]

[50

]
<figures/table_precisions.pdf, id=753, 1170.3725pt x 337.26pt>
File: figures/table_precisions.pdf Graphic file (type pdf)
<use figures/table_precisions.pdf>
Package pdftex.def Info: figures/table_precisions.pdf  used on input line 2855.

(pdftex.def)             Requested size: 307.28987pt x 88.55008pt.
LaTeX Font Info:    Trying to load font information for U+fontawesomefree1 on i
nput line 2855.

(/usr/local/texlive/2025/texmf-dist/tex/latex/fontawesome5/ufontawesomefree1.fd
)

[51

{/usr/local/texlive/2025/texmf-dist/fonts/enc/dvips/fontawesome5/fa5free1.enc} 
<./figures/table_precisions.pdf>]

[52

]

[53

]
<figures/Newton_MULTIPLE_ETA.pdf, id=775, 584.66428pt x 411.939pt>
File: figures/Newton_MULTIPLE_ETA.pdf Graphic file (type pdf)
<use figures/Newton_MULTIPLE_ETA.pdf>
Package pdftex.def Info: figures/Newton_MULTIPLE_ETA.pdf  used on input line 30
47.
(pdftex.def)             Requested size: 142.6949pt x 100.53935pt.

Overfull \vbox (3.55066pt too high) detected at line 3047
 []



[54

 <./figures/Newton_MULTIPLE_ETA.pdf>]
File: figures/Newton_MULTIPLE_ETA.pdf Graphic file (type pdf)
<use figures/Newton_MULTIPLE_ETA.pdf>
Package pdftex.def Info: figures/Newton_MULTIPLE_ETA.pdf  used on input line 30
47.
(pdftex.def)             Requested size: 142.6949pt x 100.53935pt.

Overfull \vbox (3.55066pt too high) detected at line 3047
 []



[55

]

[56

]

[57

]

[58

]
<figures/perspectives3.pdf, id=824, 1845.89626pt x 1048.91875pt>
File: figures/perspectives3.pdf Graphic file (type pdf)
<use figures/perspectives3.pdf>
Package pdftex.def Info: figures/perspectives3.pdf  used on input line 3282.
(pdftex.def)             Requested size: 307.28987pt x 174.61662pt.


[59

 <./figures/perspectives3.pdf>]
<../POPILS/photos/giuseppe.jpeg, id=835, 225.84375pt x 225.84375pt>
File: ../POPILS/photos/giuseppe.jpeg Graphic file (type jpg)
<use ../POPILS/photos/giuseppe.jpeg>
Package pdftex.def Info: ../POPILS/photos/giuseppe.jpeg  used on input line 330
6.
(pdftex.def)             Requested size: -90.17369pt x 71.13188pt.
<../POPILS/photos/edgar.jpeg, id=837, 225.84375pt x 225.84375pt>
File: ../POPILS/photos/edgar.jpeg Graphic file (type jpg)
<use ../POPILS/photos/edgar.jpeg>
Package pdftex.def Info: ../POPILS/photos/edgar.jpeg  used on input line 3306.
(pdftex.def)             Requested size: -90.17369pt x 71.13188pt.
<../POPILS/photos/mael.jpeg, id=839, 271.0125pt x 271.0125pt>
File: ../POPILS/photos/mael.jpeg Graphic file (type jpg)
<use ../POPILS/photos/mael.jpeg>
Package pdftex.def Info: ../POPILS/photos/mael.jpeg  used on input line 3306.
(pdftex.def)             Requested size: -63.29024pt x 71.13188pt.
<../POPILS/photos/filippo.jpeg, id=841, 448.67625pt x 448.67625pt>
File: ../POPILS/photos/filippo.jpeg Graphic file (type jpg)
<use ../POPILS/photos/filippo.jpeg>
Package pdftex.def Info: ../POPILS/photos/filippo.jpeg  used on input line 3306
.
(pdftex.def)             Requested size: 71.12558pt x 71.13188pt.
<../POPILS/photos/valentin.png, id=843, 513.92pt x 513.92pt>
File: ../POPILS/photos/valentin.png Graphic file (type png)
<use ../POPILS/photos/valentin.png>
Package pdftex.def Info: ../POPILS/photos/valentin.png  used on input line 3306
.
(pdftex.def)             Requested size: 71.12491pt x 71.13188pt.
<../POPILS/photos/tung2.jpeg, id=845, 555.07375pt x 555.07375pt>
File: ../POPILS/photos/tung2.jpeg Graphic file (type jpg)
<use ../POPILS/photos/tung2.jpeg>
Package pdftex.def Info: ../POPILS/photos/tung2.jpeg  used on input line 3306.
(pdftex.def)             Requested size: -74.71204pt x 71.13188pt.
<../POPILS/photos/leon.jpeg, id=847, 225.84375pt x 225.84375pt>
File: ../POPILS/photos/leon.jpeg Graphic file (type jpg)
<use ../POPILS/photos/leon.jpeg>
Package pdftex.def Info: ../POPILS/photos/leon.jpeg  used on input line 3306.
(pdftex.def)             Requested size: -90.17369pt x 71.13188pt.
<../POPILS/photos/antoine.jpeg, id=849, 334.24875pt x 501.875pt>
File: ../POPILS/photos/antoine.jpeg Graphic file (type jpg)
<use ../POPILS/photos/antoine.jpeg>
Package pdftex.def Info: ../POPILS/photos/antoine.jpeg  used on input line 3306
.
(pdftex.def)             Requested size: 47.37082pt x 71.13188pt.
<../POPILS/photos/lauga.jpg, id=851, 183.68625pt x 276.03125pt>
File: ../POPILS/photos/lauga.jpg Graphic file (type jpg)
<use ../POPILS/photos/lauga.jpg>
Package pdftex.def Info: ../POPILS/photos/lauga.jpg  used on input line 3306.
(pdftex.def)             Requested size: 47.33406pt x 71.13188pt.


[60

 <../POPILS/photos/giuseppe.jpeg> <../POPILS/photos/edgar.jpeg> <../POPILS/phot
os/mael.jpeg> <../POPILS/photos/filippo.jpeg> <../POPILS/photos/valentin.png> <
../POPILS/photos/tung2.jpeg> <../POPILS/photos/leon.jpeg> <../POPILS/photos/ant
oine.jpeg> <../POPILS/photos/lauga.jpg>]
<../../loghi_firme/ENS_foto.jpeg, id=867, 320.19624pt x 158.5925pt>
File: ../../loghi_firme/ENS_foto.jpeg Graphic file (type jpg)
<use ../../loghi_firme/ENS_foto.jpeg>
Package pdftex.def Info: ../../loghi_firme/ENS_foto.jpeg  used on input line 33
23.
(pdftex.def)             Requested size: 96.0596pt x 47.57811pt.


[61

 <../../loghi_firme/ENS_foto.jpeg>]

Package hyperref Warning: Token not allowed in a PDF string (Unicode):
(hyperref)                removing `\translate ' on input line 3325.

<figures/LEAST-SQUARES_p_k_vs_ev_SHADED.jpg, id=876, 1927.2pt x 1022.82124pt>
File: figures/LEAST-SQUARES_p_k_vs_ev_SHADED.jpg Graphic file (type jpg)
<use figures/LEAST-SQUARES_p_k_vs_ev_SHADED.jpg>
Package pdftex.def Info: figures/LEAST-SQUARES_p_k_vs_ev_SHADED.jpg  used on in
put line 3334.
(pdftex.def)             Requested size: 307.28987pt x 163.07729pt.


[62

 <./figures/LEAST-SQUARES_p_k_vs_ev_SHADED.jpg>]

[63

]
Overfull \vbox (48.36238pt too high) detected at line 3396
 []



[64

]
Overfull \vbox (26.49033pt too high) detected at line 3421
 []



[65

]
Overfull \hbox (52.7102pt too wide) in paragraph at lines 3440--3440
 [] 
 []



[66

]

LaTeX Font Warning: Command \tiny invalid in math mode on input line 3474.

<../POPILS/images/heat_graph.png, id=905, 418.4433pt x 298.4751pt>
File: ../POPILS/images/heat_graph.png Graphic file (type png)
<use ../POPILS/images/heat_graph.png>
Package pdftex.def Info: ../POPILS/images/heat_graph.png  used on input line 34
74.
(pdftex.def)             Requested size: 184.3758pt x 131.51617pt.


[67

 <../POPILS/images/heat_graph.png>]

[68

]
<figures/process.pdf, id=919, 972.63374pt x 309.155pt>
File: figures/process.pdf Graphic file (type pdf)
<use figures/process.pdf>
Package pdftex.def Info: figures/process.pdf  used on input line 3508.
(pdftex.def)             Requested size: 194.5233pt x 61.8299pt.


[69

 <./figures/process.pdf>]

[70

]

[71

]

[72

]

[73

]
<figures/LEAST-SQUARES_acc_vs_ev_SHADED.jpg, id=951, 1927.2pt x 1022.82124pt>
File: figures/LEAST-SQUARES_acc_vs_ev_SHADED.jpg Graphic file (type jpg)
<use figures/LEAST-SQUARES_acc_vs_ev_SHADED.jpg>
Package pdftex.def Info: figures/LEAST-SQUARES_acc_vs_ev_SHADED.jpg  used on in
put line 3627.
(pdftex.def)             Requested size: 307.28987pt x 163.07729pt.


[74

 <./figures/LEAST-SQUARES_acc_vs_ev_SHADED.jpg>]
\tf@nav=\write6
\openout6 = `slides_HDR2.nav'.

\tf@toc=\write7
\openout7 = `slides_HDR2.toc'.

\tf@snm=\write8
\openout8 = `slides_HDR2.snm'.

 (./slides_HDR2.aux)
 ***********
LaTeX2e <2024-11-01> patch level 2
L3 programming layer <2025-01-18>
 ***********


LaTeX Font Warning: Some font shapes were not available, defaults substituted.

Package rerunfilecheck Info: File `slides_HDR2.out' has not changed.
(rerunfilecheck)             Checksum: 7912857DBBC00DD9BD5367C5BC17EC52;1568.
 ) 
Here is how much of TeX's memory you used:
 43138 strings out of 473190
 942057 string characters out of 5715799
 1321811 words of memory out of 5000000
 65385 multiletter control sequences out of 15000+600000
 587518 words of font info for 139 fonts, out of 8000000 for 9000
 1141 hyphenation exceptions out of 8191
 128i,17n,123p,624b,1000s stack positions out of 10000i,1000n,20000p,200000b,200000s
</usr/local/texlive/2025/texmf-dist/fonts/type1/public/fontawesome5/FontAweso
me5Free-Solid.pfb></usr/local/texlive/2025/texmf-dist/fonts/type1/public/amsfon
ts/cm/cmbsy10.pfb></usr/local/texlive/2025/texmf-dist/fonts/type1/public/amsfon
ts/cm/cmex10.pfb></usr/local/texlive/2025/texmf-dist/fonts/type1/public/amsfont
s/cmextra/cmex9.pfb></usr/local/texlive/2025/texmf-dist/fonts/type1/public/amsf
onts/cm/cmmi10.pfb></usr/local/texlive/2025/texmf-dist/fonts/type1/public/amsfo
nts/cm/cmmi12.pfb></usr/local/texlive/2025/texmf-dist/fonts/type1/public/amsfon
ts/cm/cmmi5.pfb></usr/local/texlive/2025/texmf-dist/fonts/type1/public/amsfonts
/cm/cmmi6.pfb></usr/local/texlive/2025/texmf-dist/fonts/type1/public/amsfonts/c
m/cmmi7.pfb></usr/local/texlive/2025/texmf-dist/fonts/type1/public/amsfonts/cm/
cmmi8.pfb></usr/local/texlive/2025/texmf-dist/fonts/type1/public/amsfonts/cm/cm
mi9.pfb></usr/local/texlive/2025/texmf-dist/fonts/type1/public/amsfonts/cm/cmr1
0.pfb></usr/local/texlive/2025/texmf-dist/fonts/type1/public/amsfonts/cm/cmr12.
pfb></usr/local/texlive/2025/texmf-dist/fonts/type1/public/amsfonts/cm/cmr17.pf
b></usr/local/texlive/2025/texmf-dist/fonts/type1/public/amsfonts/cm/cmr9.pfb><
/usr/local/texlive/2025/texmf-dist/fonts/type1/public/amsfonts/cm/cmss10.pfb></
usr/local/texlive/2025/texmf-dist/fonts/type1/public/amsfonts/cm/cmss12.pfb></u
sr/local/texlive/2025/texmf-dist/fonts/type1/public/amsfonts/cm/cmss17.pfb></us
r/local/texlive/2025/texmf-dist/fonts/type1/public/amsfonts/cm/cmss8.pfb></usr/
local/texlive/2025/texmf-dist/fonts/type1/public/amsfonts/cm/cmss9.pfb></usr/lo
cal/texlive/2025/texmf-dist/fonts/type1/public/amsfonts/cm/cmssbx10.pfb></usr/l
ocal/texlive/2025/texmf-dist/fonts/type1/public/amsfonts/cm/cmssi10.pfb></usr/l
ocal/texlive/2025/texmf-dist/fonts/type1/public/amsfonts/cm/cmssi12.pfb></usr/l
ocal/texlive/2025/texmf-dist/fonts/type1/public/amsfonts/cm/cmssi8.pfb></usr/lo
cal/texlive/2025/texmf-dist/fonts/type1/public/amsfonts/cm/cmssi9.pfb></usr/loc
al/texlive/2025/texmf-dist/fonts/type1/public/amsfonts/cm/cmsy10.pfb></usr/loca
l/texlive/2025/texmf-dist/fonts/type1/public/amsfonts/cm/cmsy5.pfb></usr/local/
texlive/2025/texmf-dist/fonts/type1/public/amsfonts/cm/cmsy6.pfb></usr/local/te
xlive/2025/texmf-dist/fonts/type1/public/amsfonts/cm/cmsy7.pfb></usr/local/texl
ive/2025/texmf-dist/fonts/type1/public/amsfonts/cm/cmsy8.pfb></usr/local/texliv
e/2025/texmf-dist/fonts/type1/public/amsfonts/cm/cmsy9.pfb></usr/local/texlive/
2025/texmf-dist/fonts/type1/public/amsfonts/cm/cmtt10.pfb></usr/local/texlive/2
025/texmf-dist/fonts/type1/public/amsfonts/cm/cmtt9.pfb></usr/local/texlive/202
5/texmf-dist/fonts/type1/public/amsfonts/symbols/msam10.pfb></usr/local/texlive
/2025/texmf-dist/fonts/type1/public/amsfonts/symbols/msam7.pfb></usr/local/texl
ive/2025/texmf-dist/fonts/type1/public/amsfonts/symbols/msbm10.pfb></usr/local/
texlive/2025/texmf-dist/fonts/type1/public/amsfonts/symbols/msbm7.pfb>
Output written on slides_HDR2.pdf (74 pages, 42496995 bytes).
PDF statistics:
 1138 PDF objects out of 1200 (max. 8388607)
 718 compressed objects within 8 object streams
 160 named destinations out of 1000 (max. 500000)
 625 words of extra memory for PDF output out of 10000 (max. 10000000)

